Archive member included to satisfy reference by file (symbol)

c:/nxp/s32ds_power_v2.1/s32ds/build_tools/powerpc-eabivle-4_9/bin/../lib/gcc/powerpc-eabivle/4.9.4/e200z7/fp\libgcc.a(eabivle.o)
                              ./Sources/main.o (__eabi)

Discarded input sections

 .text          0x00000000        0x0 c:/nxp/s32ds_power_v2.1/s32ds/build_tools/powerpc-eabivle-4_9/bin/../lib/gcc/powerpc-eabivle/4.9.4/e200z7/fp/ecrti.o
 .data          0x00000000        0x0 c:/nxp/s32ds_power_v2.1/s32ds/build_tools/powerpc-eabivle-4_9/bin/../lib/gcc/powerpc-eabivle/4.9.4/e200z7/fp/ecrti.o
 .bss           0x00000000        0x0 c:/nxp/s32ds_power_v2.1/s32ds/build_tools/powerpc-eabivle-4_9/bin/../lib/gcc/powerpc-eabivle/4.9.4/e200z7/fp/ecrti.o
 .fixup         0x00000000        0x0 c:/nxp/s32ds_power_v2.1/s32ds/build_tools/powerpc-eabivle-4_9/bin/../lib/gcc/powerpc-eabivle/4.9.4/e200z7/fp/ecrti.o
 .sbss2         0x00000000        0x0 c:/nxp/s32ds_power_v2.1/s32ds/build_tools/powerpc-eabivle-4_9/bin/../lib/gcc/powerpc-eabivle/4.9.4/e200z7/fp/ecrti.o
 .gcc_except_table
                0x00000000        0x0 c:/nxp/s32ds_power_v2.1/s32ds/build_tools/powerpc-eabivle-4_9/bin/../lib/gcc/powerpc-eabivle/4.9.4/e200z7/fp/ecrti.o
 .data          0x00000000        0x4 c:/nxp/s32ds_power_v2.1/s32ds/build_tools/powerpc-eabivle-4_9/bin/../lib/gcc/powerpc-eabivle/4.9.4/e200z7/fp/crtbegin.o
 .group         0x00000000        0x8 ./Generated_Code/Cpu.o
 .group         0x00000000        0x8 ./Generated_Code/Cpu.o
 .group         0x00000000        0x8 ./Generated_Code/Cpu.o
 .group         0x00000000        0x8 ./Generated_Code/Cpu.o
 .group         0x00000000        0x8 ./Generated_Code/Cpu.o
 .group         0x00000000        0x8 ./Generated_Code/Cpu.o
 .group         0x00000000        0x8 ./Generated_Code/Cpu.o
 .group         0x00000000        0x8 ./Generated_Code/Cpu.o
 .group         0x00000000        0x8 ./Generated_Code/Cpu.o
 .group         0x00000000        0x8 ./Generated_Code/Cpu.o
 .group         0x00000000        0x8 ./Generated_Code/Cpu.o
 .group         0x00000000        0x8 ./Generated_Code/Cpu.o
 .group         0x00000000        0x8 ./Generated_Code/Cpu.o
 .group         0x00000000        0x8 ./Generated_Code/Cpu.o
 .group         0x00000000        0x8 ./Generated_Code/Cpu.o
 .group         0x00000000        0x8 ./Generated_Code/Cpu.o
 .group         0x00000000        0x8 ./Generated_Code/Cpu.o
 .group         0x00000000        0x8 ./Generated_Code/Cpu.o
 .group         0x00000000        0x8 ./Generated_Code/Cpu.o
 .group         0x00000000        0x8 ./Generated_Code/Cpu.o
 .group         0x00000000        0x8 ./Generated_Code/Cpu.o
 .group         0x00000000        0x8 ./Generated_Code/Cpu.o
 .group         0x00000000        0x8 ./Generated_Code/Cpu.o
 .group         0x00000000        0x8 ./Generated_Code/Cpu.o
 .group         0x00000000        0x8 ./Generated_Code/Cpu.o
 .group         0x00000000        0x8 ./Generated_Code/Cpu.o
 .group         0x00000000        0x8 ./Generated_Code/Cpu.o
 .group         0x00000000        0x8 ./Generated_Code/Cpu.o
 .group         0x00000000        0x8 ./Generated_Code/Cpu.o
 .text          0x00000000        0x0 ./Generated_Code/Cpu.o
 .data          0x00000000        0x0 ./Generated_Code/Cpu.o
 .bss           0x00000000        0x0 ./Generated_Code/Cpu.o
 .debug_info    0x00000000       0x7d ./Generated_Code/Cpu.o
 .debug_abbrev  0x00000000       0x29 ./Generated_Code/Cpu.o
 .debug_aranges
                0x00000000       0x18 ./Generated_Code/Cpu.o
 .debug_macro   0x00000000      0x22e ./Generated_Code/Cpu.o
 .debug_macro   0x00000000      0x622 ./Generated_Code/Cpu.o
 .debug_macro   0x00000000       0x52 ./Generated_Code/Cpu.o
 .debug_macro   0x00000000       0xa0 ./Generated_Code/Cpu.o
 .debug_macro   0x00000000       0x16 ./Generated_Code/Cpu.o
 .debug_macro   0x00000000       0x11 ./Generated_Code/Cpu.o
 .debug_macro   0x00000000       0x75 ./Generated_Code/Cpu.o
 .debug_macro   0x00000000       0x16 ./Generated_Code/Cpu.o
 .debug_macro   0x00000000       0x5e ./Generated_Code/Cpu.o
 .debug_macro   0x00000000      0x1aa ./Generated_Code/Cpu.o
 .debug_macro   0x00000000      0x13a ./Generated_Code/Cpu.o
 .debug_macro   0x00000000       0x9d ./Generated_Code/Cpu.o
 .debug_macro   0x00000000       0x10 ./Generated_Code/Cpu.o
 .debug_macro   0x00000000      0x15b ./Generated_Code/Cpu.o
 .debug_macro   0x00000000       0x28 ./Generated_Code/Cpu.o
 .debug_macro   0x00000000       0x58 ./Generated_Code/Cpu.o
 .debug_macro   0x00000000    0x2143e ./Generated_Code/Cpu.o
 .debug_macro   0x00000000      0xf97 ./Generated_Code/Cpu.o
 .debug_macro   0x00000000       0x22 ./Generated_Code/Cpu.o
 .debug_macro   0x00000000       0x8c ./Generated_Code/Cpu.o
 .debug_macro   0x00000000       0x10 ./Generated_Code/Cpu.o
 .debug_macro   0x00000000       0x16 ./Generated_Code/Cpu.o
[...]
Memory Configuration

Name             Origin             Length             Attributes
flash_rchw       0x00800000         0x00000004
cpu0_reset_vec   0x00800004         0x00000004
rappid_boot_data 0x00800008         0x00000008
m_text           0x00800010         0x001ffff0
m_data           0x40000000         0x00040000
*default*        0x00000000         0xffffffff

Linker script and memory map

LOAD c:/nxp/s32ds_power_v2.1/s32ds/build_tools/powerpc-eabivle-4_9/bin/../lib/gcc/powerpc-eabivle/4.9.4/e200z7/fp/ecrti.o
LOAD c:/nxp/s32ds_power_v2.1/s32ds/build_tools/powerpc-eabivle-4_9/bin/../lib/gcc/powerpc-eabivle/4.9.4/e200z7/fp/crtbegin.o
LOAD ./Generated_Code/Cpu.o
LOAD ./Generated_Code/clockMan1.o
LOAD ./Generated_Code/ethernet1.o
LOAD ./Generated_Code/phy_cfg.o
LOAD ./Generated_Code/pin_mux.o
LOAD ./Project_Settings/Startup_Code/core0_intc_sw_handlers.o
LOAD ./Project_Settings/Startup_Code/interrupt_vectors.o
LOAD ./Project_Settings/Startup_Code/startup_MPC5775B.o
LOAD ./SDK/platform/devices/MPC5775B/startup/system_MPC5775B.o
LOAD ./SDK/platform/devices/startup.o
LOAD ./SDK/platform/drivers/src/clock/MPC5777C/clock_MPC5777C.o
LOAD ./SDK/platform/drivers/src/enet/enet_driver.o
LOAD ./SDK/platform/drivers/src/enet/enet_irq.o
LOAD ./SDK/platform/drivers/src/enet/fec_hw_access.o
LOAD ./SDK/platform/drivers/src/interrupt/interrupt_manager_MPC57xx.o
LOAD ./SDK/platform/drivers/src/phy/phy.o
LOAD ./SDK/platform/drivers/src/phy/phy_generic.o
LOAD ./SDK/platform/drivers/src/phy/phy_shared.o
LOAD ./SDK/platform/drivers/src/phy/phy_tja110x.o
LOAD ./SDK/platform/drivers/src/pins/siu/pins_siu_driver.o
LOAD ./SDK/platform/drivers/src/pins/siu/siu_hw_access.o
LOAD ./SDK/rtos/osif/osif_baremetal.o
LOAD ./Sources/main.o
START GROUP
LOAD C:/NXP/S32DS_Power_v2.1/S32DS/build_tools/e200_ewl2/lib/e200z7/fp\libc99.a
LOAD C:/NXP/S32DS_Power_v2.1/S32DS/build_tools/e200_ewl2/lib/e200z7/fp\libm.a
LOAD c:/nxp/s32ds_power_v2.1/s32ds/build_tools/powerpc-eabivle-4_9/bin/../lib/gcc/powerpc-eabivle/4.9.4/e200z7/fp\libgcc.a
LOAD C:/NXP/S32DS_Power_v2.1/S32DS/build_tools/e200_ewl2/lib/e200z7/fp\librt.a
END GROUP
LOAD c:/nxp/s32ds_power_v2.1/s32ds/build_tools/powerpc-eabivle-4_9/bin/../lib/gcc/powerpc-eabivle/4.9.4/e200z7/fp/crtend.o
LOAD c:/nxp/s32ds_power_v2.1/s32ds/build_tools/powerpc-eabivle-4_9/bin/../lib/gcc/powerpc-eabivle/4.9.4/e200z7/fp/ecrtn.o
                0x00000000                __HEAP_SIZE = DEFINED (__heap_size__)?__heap_size__:0x0
                0x00001000                __STACK_SIZE = DEFINED (__stack_size__)?__stack_size__:0x1000
                0x00800000                FLASH_BLOCK_ADDR = DEFINED (__rappid__)?0x840000:0x800000
                0x00200000                FLASH_BLOCK_SIZE = DEFINED (__rappid__)?0x1c0000:0x200000
                0x00800010                FLASH_BASE_ADDR = DEFINED (__flash_base_addr__)?__flash_base_addr__:(FLASH_BLOCK_ADDR + 0x10)
                0x001ffff0                FLASH_SIZE = DEFINED (__flash_size__)?__flash_size__:(FLASH_BLOCK_SIZE - 0x10)
                0x40000000                SRAM_BASE_ADDR = DEFINED (__sram_base_addr__)?__sram_base_addr__:0x40000000
                0x00040000                SRAM_SIZE = DEFINED (__sram_size__)?__sram_size__:0x40000
                0x00800008                RAPPID_BOOT_APP_DELAY_ADDR = (FLASH_BLOCK_ADDR + 0x8)
                0x0080000c                RAPPID_BOOT_APP_KEY_ADDR = (FLASH_BLOCK_ADDR + 0xc)

.rchw           0x00800000        0x4
 *(.rchw)
 .rchw          0x00800000        0x4 ./Project_Settings/Startup_Code/startup_MPC5775B.o

.cpu0_reset_vector
                0x00800004        0x4
 *(.cpu0_reset_vector)
 .cpu0_reset_vector
                0x00800004        0x4 ./Project_Settings/Startup_Code/startup_MPC5775B.o

.RAppID_AppDelay
                0x00800008        0x4
 *(.RAppID_AppDelay)
 .RAppID_AppDelay
                0x00800008        0x4 ./Project_Settings/Startup_Code/startup_MPC5775B.o

.RAppID_AppKeyAddr
                0x0080000c        0x4
 *(.RAppID_AppKeyAddr)
 .RAppID_AppKeyAddr
                0x0080000c        0x4 ./Project_Settings/Startup_Code/startup_MPC5775B.o

.startup        0x00800400      0x218
                0x00800400                __start = .
 *(.startup)
 .startup       0x00800400      0x218 ./Project_Settings/Startup_Code/startup_MPC5775B.o
                0x00800400                Reset_Handler
                0x00800400                _start

.core_exceptions_table
                0x00810000      0x134
                0x00810000                __IVPR_VALUE = .
 *(.core_exceptions_table)
 .core_exceptions_table
                0x00810000      0x134 ./Project_Settings/Startup_Code/interrupt_vectors.o
                0x00810000                VTABLE
                0x00810000                IVOR0_Vector
                0x00810010                IVOR1_Vector
                0x00810020                IVOR2_Vector
                0x00810030                IVOR3_Vector
                0x00810040                IVOR4_Vector
                0x00810050                IVOR5_Vector
                0x00810060                IVOR6_Vector
                0x00810070                IVOR7_Vector
                0x00810080                IVOR8_Vector
                0x00810090                IVOR9_Vector
                0x008100a0                IVOR10_Vector
                0x008100b0                IVOR11_Vector
                0x008100c0                IVOR12_Vector
                0x008100d0                IVOR13_Vector
                0x008100e0                IVOR14_Vector
                0x008100f0                IVOR15_Vector
                0x00810100                IVOR32_Vector
                0x00810110                IVOR33_Vector
                0x00810120                IVOR34_Vector
                0x00810130                IVOR35_Vector

.intc_vector_table
                0x00811000      0x804
                0x00811000                __VECTOR_TABLE = .
                0x00811000                __interrupts_start__ = .
 *(.intc_vector_table)
 .intc_vector_table
                0x00811000      0x804 ./Project_Settings/Startup_Code/startup_MPC5775B.o
                0x00811000                __isr_vector
                0x00811800                DSPI4_TCF_IRQHandler
                0x00811800                EMIOS1_CH21_IRQHandler
                0x00811800                EQADC0_FIFO5_CFFF_IRQHandler
                0x00811800                SEMA4_CORE1_IRQHandler
                0x00811800                DMA0_Ch43_IRQHandler
                0x00811800                ETPU1_CIS31_IRQHandler
                0x00811800                CAN1_BUF9_IRQHandler
                0x00811800                CAN2_BUF13_IRQHandler
                0x00811800                CAN1_ESR1_IRQHandler
                0x00811800                EQADC1_FIFO3_RFDF_IRQHandler
                0x00811800                IVOR5_Exception_Handler
                0x00811800                EQADC1_FIFO2_RFDF_IRQHandler
                0x00811800                CMU_RSV0_IRQHandler
                0x00811800                REACM_GBL_IRQHandler
                0x00811800                DSPI4_Send_IRQHandler
                0x00811800                EQADC0_FIFO4_RFDF_IRQHandler
                0x00811800                IVOR34_Exception_Handler
                0x00811800                DMA1_Ch18_IRQHandler
                0x00811800                CAN3_BUF7_IRQHandler
                0x00811800                EMIOS0_CH19_IRQHandler
                0x00811800                CAN1_BUF3_IRQHandler
                0x00811800                ETPU1_CIS17_IRQHandler
                0x00811800                DMA0_Ch31_IRQHandler
                0x00811800                EQADC0_FIFO0_CFFF_IRQHandler
                0x00811800                DMA0_Ch50_IRQHandler
                0x00811800                ETPU0_CIS18_IRQHandler
                0x00811800                DECFILTER11_IRQHandler
                0x00811800                SRX1_CH3_IRQHandler
                0x00811800                DSPI0_FIFO_Error_IRQHandler
                0x00811800                DSPI1_Send_IRQHandler
                0x00811800                DSPI1_TCF_IRQHandler
                0x00811800                ETPU0_CIS7_IRQHandler
                0x00811800                EQADC1_OVRx_IRQHandler
                0x00811800                ETPU1_CIS10_IRQHandler
                0x00811800                DEC2_IDF_IRQHandler
                0x00811800                ETPU1_CIS28_IRQHandler
                0x00811800                SS3_IRQHandler
                0x00811800                DMA0_Ch32_IRQHandler
                0x00811800                DSPI2_Receive_IRQHandler
                0x00811800                ETPU1_CIS7_IRQHandler
                0x00811800                ETPU2_CIS28_IRQHandler
                0x00811800                CAN0_ESR2_IRQHandler
                0x00811800                ETPU0_CIS0_IRQHandler
                0x00811800                EQADC1_FIFO2_CFFF_IRQHandler
                0x00811800                ETPU2_CIS23_IRQHandler
                0x00811800                EMIOS1_F6_IRQHandler
                0x00811800                DEC1_IDF_IRQHandler
                0x00811800                ESCI1_CIR_IRQHandler
                0x00811800                ETPU0_CIS20_IRQHandler
                0x00811800                ETPU2_CIS21_IRQHandler
                0x00811800                DMA0_Ch27_IRQHandler
                0x00811800                SRX0_CH4_IRQHandler
                0x00811800                EQADC0_FIFO1_CFFF_IRQHandler
                0x00811800                CAN3_BUF15_IRQHandler
                0x00811800                CAN3_BUF1_IRQHandler
                0x00811800                ETPU1_CIS0_IRQHandler
                0x00811800                DSPI1_TXFIFO_EOQF_IRQHandler
                0x00811800                ETPU0_CIS6_IRQHandler
                0x00811800                PCU_MASTER1_IRQHandler
                0x00811800                DSPI3_Receive_IRQHandler
                0x00811800                DMA0_Ch53_IRQHandler
                0x00811800                CAN2_BUF2_IRQHandler
                0x00811800                EQADC0_FIFO3_PF_IRQHandler
                0x00811800                ETPU2_CIS0_IRQHandler
                0x00811800                CAN2_BUF0_IRQHandler
                0x00811800                EQADC1_FIFO4_RFDF_IRQHandler
                0x00811800                DSPI4_TXFIFO_EOQF_IRQHandler
                0x00811800                EQADC1_FIFO5_CFFF_IRQHandler
                0x00811800                EMIOS0_F7_IRQHandler
                0x00811800                SDADC1234_IRQHandler
                0x00811800                CAN1_BUF13_IRQHandler
                0x00811800                EQADC1_FIFO3_PF_IRQHandler
                0x00811800                EQADC1_FIFO0_RFDF_IRQHandler
                0x00811800                EMIOS1_F5_IRQHandler
                0x00811800                DMA0_Ch30_IRQHandler
                0x00811800                CAN0_BUF9_IRQHandler
                0x00811800                LFAST_IRQHandler
                0x00811800                CAN3_BUF4_IRQHandler
                0x00811800                DMA0_Ch16_IRQHandler
                0x00811800                EQADC0_FIFO3_NCF_IRQHandler
                0x00811800                DSPI3_Send_IRQHandler
                0x00811800                ETPU0_CIS10_IRQHandler
                0x00811800                ETPU2_CIS12_IRQHandler
                0x00811800                EQADC0_FIFO3_EOQF_IRQHandler
                0x00811800                DMA1_Ch48_Ch55_IRQHandler
                0x00811800                SS0_IRQHandler
                0x00811800                SRX0_CH1_IRQHandler
                0x00811800                PIT_RTI1_IRQHandler
                0x00811800                DMA0_Ch35_IRQHandler
                0x00811800                CAN1_BUF7_IRQHandler
                0x00811800                DMA1_Ch8_IRQHandler
                0x00811800                ETPU0_CIS31_IRQHandler
                0x00811800                DEC0_OD_SD_IRQHandler
                0x00811800                IVOR2_Exception_Handler
                0x00811800                ETPU0_CIS19_IRQHandler
                0x00811800                CAN3_BUF8_IRQHandler
                0x00811800                ESCI0_CIR_IRQHandler
                0x00811800                DSPI2_FIFO_Error_IRQHandler
                0x00811800                DMA0_Ch38_IRQHandler
                0x00811800                EQADC0_FIFO5_NCF_IRQHandler
                0x00811800                CAN2_BUF5_IRQHandler
                0x00811800                DMA1_Ch9_IRQHandler
                0x00811800                DMA0_Ch6_IRQHandler
                0x00811800                ETPU1_CIS23_IRQHandler
                0x00811800                CMU01_IRQHandler
                0x00811800                DMA1_Ch27_IRQHandler
                0x00811800                PCS_IRQHandler
                0x00811800                DMA1_Ch40_Ch47_IRQHandler
                0x00811800                DMA1_Ch56_Ch63_IRQHandler
                0x00811800                EMIOS0_F1_IRQHandler
                0x00811800                CAN3_ESR1_IRQHandler
                0x00811800                SWT0_IRQHandler
                0x00811800                DMA1_Ch26_IRQHandler
                0x00811800                SIPI0_IRQHandler
                0x00811800                CAN2_BUF11_IRQHandler
                0x00811800                DMA0_Ch7_IRQHandler
                0x00811800                ETPU0_CIS4_IRQHandler
                0x00811800                EMIOS0_CH21_IRQHandler
                0x00811800                SRX0_CH0_IRQHandler
                0x00811800                CAN1_BUF0_IRQHandler
                0x00811800                DMA0_Ch24_IRQHandler
                0x00811800                FMC_Done_IRQHandler
                0x00811800                ETPU1_CIS22_IRQHandler
                0x00811800                CAN2_BUF10_IRQHandler
                0x00811800                DMA0_Ch13_IRQHandler
                0x00811800                EQADC0_FIFO1_EOQF_IRQHandler
                0x00811800                IVOR33_Exception_Handler
                0x00811800                DMA0_Ch44_IRQHandler
                0x00811800                EMIOS1_F7_IRQHandler
                0x00811800                ETPU1_CIS15_IRQHandler
                0x00811800                EMIOS1_F2_IRQHandler
                0x00811800                EQADC0_FIFO0_PF_IRQHandler
                0x00811800                CAN3_BUF0_IRQHandler
                0x00811800                CAN3_BUF32_63_IRQHandler
                0x00811800                EQADC1_FIFO4_PF_IRQHandler
                0x00811800                EQADC1_FIFO3_EOQF_IRQHandler
                0x00811800                DMA1_Ch31_IRQHandler
                0x00811800                REACM_CH89_IRQHandler
                0x00811800                DSPI2_Send_IRQHandler
                0x00811800                ETPU1_CIS2_IRQHandler
                0x00811800                PCU_MASTER0_IRQHandler
                0x00811800                DMA1_Ch22_IRQHandler
                0x00811800                ETPU0_CIS30_IRQHandler
                0x00811800                DMA0_Ch23_IRQHandler
                0x00811800                ETPU2_CIS30_IRQHandler
                0x00811800                DMA0_Ch52_IRQHandler
                0x00811800                REACM_RSV0_IRQHandler
                0x00811800                CAN0_BUF13_IRQHandler
                0x00811800                ETPU0_CIS17_IRQHandler
                0x00811800                EMIOS0_CH17_IRQHandler
                0x00811800                EQADC0_FIFO2_RFDF_IRQHandler
                0x00811800                CAN3_BUF3_IRQHandler
                0x00811800                DMA0_Ch17_IRQHandler
                0x00811800                DMA0_Ch2_IRQHandler
                0x00811800                CAN3_BUF9_IRQHandler
                0x00811800                DMA0_Ch10_IRQHandler
                0x00811800                DMA1_Ch14_IRQHandler
                0x00811800                ETPU2_CIS22_IRQHandler
                0x00811800                DEC3_ERR_IRQHandler
                0x00811800                PIT_RTI2_IRQHandler
                0x00811800                DMA1_Ch17_IRQHandler
                0x00811800                ETPU2_CIS25_IRQHandler
                0x00811800                DMA0_Ch5_IRQHandler
                0x00811800                DSPI2_TCF_IRQHandler
                0x00811800                DMA0_Ch45_IRQHandler
                0x00811800                EQADC1_FIFO5_PF_IRQHandler
                0x00811800                CAN0_BUF12_IRQHandler
                0x00811800                ESCI5_CIR_IRQHandler
                0x00811800                REACM_CH23_IRQHandler
                0x00811800                JDC_IRQHandler
                0x00811800                EMIOS1_CH20_IRQHandler
                0x00811800                CAN2_BUF8_IRQHandler
                0x00811800                CAN2_BUF1_IRQHandler
                0x00811800                ETPU0_CIS28_IRQHandler
                0x00811800                DMA1_Ch7_IRQHandler
                0x00811800                SRX1_CH1_IRQHandler
                0x00811800                DSPI3_TXFIFO_EOQF_IRQHandler
                0x00811800                DMA0_Ch4_IRQHandler
                0x00811800                CAN3_BUF6_IRQHandler
                0x00811800                CAN3_BUF16_31_IRQHandler
                0x00811800                PIT_RTI0_IRQHandler
                0x00811800                CAN3_BUF5_IRQHandler
                0x00811800                EQADC1_FIFO0_PF_IRQHandler
                0x00811800                EMIOS0_CH20_IRQHandler
                0x00811800                DMA0_Ch28_IRQHandler
                0x00811800                DMA0_Ch3_IRQHandler
                0x00811800                DMA1_Ch32_Ch39_IRQHandler
                0x00811800                CAN2_BUF9_IRQHandler
                0x00811800                SRX0_CH2_IRQHandler
                0x00811800                DMA0_Ch0_IRQHandler
                0x00811800                EQADC0_FIFO2_CFFF_IRQHandler
                0x00811800                CSE_IRQ_IRQHandler
                0x00811800                DSPI0_Receive_IRQHandler
                0x00811800                ETPU2_CIS15_IRQHandler
                0x00811800                CAN1_BUF10_IRQHandler
                0x00811800                DSPI1_FIFO_Error_IRQHandler
                0x00811800                SIU_2_IRQHandler
                0x00811800                CAN2_ESR1_IRQHandler
                0x00811800                PMC_IRQHandler
                0x00811800                EQADC1_FIFO1_NCF_IRQHandler
                0x00811800                REACM_CH67_IRQHandler
                0x00811800                ETPU2_CIS17_IRQHandler
                0x00811800                DMA0_Ch20_IRQHandler
                0x00811800                CAN3_BUF2_IRQHandler
                0x00811800                CAN1_BUF1_IRQHandler
                0x00811800                EMIOS1_F1_IRQHandler
                0x00811800                ETPU0_CIS8_IRQHandler
                0x00811800                CAN0_BUF1_IRQHandler
                0x00811800                DECFILTER5_IRQHandler
                0x00811800                DMA0_Ch51_IRQHandler
                0x00811800                ETPU1_CIS18_IRQHandler
                0x00811800                PLL_IRQHandler
                0x00811800                DMA1_Ch21_IRQHandler
                0x00811800                DMA0_Ch37_IRQHandler
                0x00811800                CAN1_BUF6_IRQHandler
                0x00811800                CAN2_BUF7_IRQHandler
                0x00811800                EQADC1_FIFO5_EOQF_IRQHandler
                0x00811800                EQADC1_FIFO2_PF_IRQHandler
                0x00811800                ETPU2_GE_IRQHandler
                0x00811800                SIU_OVF_IRQHandler
                0x00811800                DEC2_ERR_IRQHandler
                0x00811800                DMA0_Ch61_IRQHandler
                0x00811800                ETPU2_CIS18_IRQHandler
                0x00811800                EQADC1_FIFO3_CFFF_IRQHandler
                0x00811800                DEC2_OD_SD_IRQHandler
                0x00811800                ETPU2_CIS9_IRQHandler
                0x00811800                ETPU2_CIS24_IRQHandler
                0x00811800                ETPU0_CIS16_IRQHandler
                0x00811800                EMIOS0_F4_IRQHandler
                0x00811800                DMA1_Ch15_IRQHandler
                0x00811800                DMA1_Ch10_IRQHandler
                0x00811800                DMA1_Ch32_Ch63_Error_IRQHandler
                0x00811800                IVOR15_Exception_Handler
                0x00811800                EQADC0_FIFO3_RFDF_IRQHandler
                0x00811800                DSPI0_Send_IRQHandler
                0x00811800                DMA0_Ch9_IRQHandler
                0x00811800                EQADC1_FIFO4_NCF_IRQHandler
                0x00811800                EQADC1_FIFO5_NCF_IRQHandler
                0x00811800                ETPU1_CIS21_IRQHandler
                0x00811800                SIU_0_IRQHandler
                0x00811800                EQADC0_FIFO1_RFDF_IRQHandler
                0x00811800                EMIOS1_CH23_IRQHandler
                0x00811800                ETPU2_CIS5_IRQHandler
                0x00811800                ERM_IRQHandler
                0x00811800                ETPU0_CIS11_IRQHandler
                0x00811800                DEC1_OD_SD_IRQHandler
                0x00811800                DMA1_Ch2_IRQHandler
                0x00811800                CAN0_BUF32_63_IRQHandler
                0x00811800                EQADC1_FIFO5_RFDF_IRQHandler
                0x00811800                DEC0_IDF_IRQHandler
                0x00811800                SRX0_CH3_IRQHandler
                0x00811800                IVOR32_Exception_Handler
                0x00811800                DSPI4_FIFO_Error_IRQHandler
                0x00811800                EQADC0_FIFO0_NCF_IRQHandler
                0x00811800                ETPU1_CIS11_IRQHandler
                0x00811800                ETPU0_CIS9_IRQHandler
                0x00811800                DMA0_Ch39_IRQHandler
                0x00811800                IVOR10_Exception_Handler
                0x00811800                DSPI3_TCF_IRQHandler
                0x00811800                EQADC0_FIFO4_PF_IRQHandler
                0x00811800                ETPU01_GE_IRQHandler
                0x00811800                EQADC1_FIFO4_CFFF_IRQHandler
                0x00811800                ETPU2_CIS3_IRQHandler
                0x00811800                REACM_CH45_IRQHandler
                0x00811800                CMU_RSV1_IRQHandler
                0x00811800                IVOR3_Exception_Handler
                0x00811800                CAN0_BUF15_IRQHandler
                0x00811800                SRX1_CH0_IRQHandler
                0x00811800                EQADC1_FIFO2_NCF_IRQHandler
                0x00811800                CAN2_BUF16_31_IRQHandler
                0x00811800                ETPU2_CIS10_IRQHandler
                0x00811800                DMA0_Ch56_IRQHandler
                0x00811800                DEC0_ERR_IRQHandler
                0x00811800                DMA0_Ch14_IRQHandler
                0x00811800                DMA1_Ch6_IRQHandler
                0x00811800                DSPI2_TXFIFO_EOQF_IRQHandler
                0x00811800                CAN3_ESR2_IRQHandler
                0x00811800                CAN1_BUF8_IRQHandler
                0x00811800                ETPU0_CIS3_IRQHandler
                0x00811800                IVOR12_Exception_Handler
                0x00811800                DEC1_ERR_IRQHandler
                0x00811800                ESCI2_CIR_IRQHandler
                0x00811800                CAN3_BUF12_IRQHandler
                0x00811800                CAN2_BUF6_IRQHandler
                0x00811800                DMA1_Ch11_IRQHandler
                0x00811800                DMA1_Ch23_IRQHandler
                0x00811800                DMA0_Ch11_IRQHandler
                0x00811800                IVOR1_Exception_Handler
                0x00811800                EQADC0_FIFO2_PF_IRQHandler
                0x00811800                SRX0_CH5_IRQHandler
                0x00811800                DMA0_Ch46_IRQHandler
                0x00811800                ETPU2_CIS27_IRQHandler
                0x00811800                IVOR8_Exception_Handler
                0x00811800                ETPU0_CIS25_IRQHandler
                0x00811800                EQADC0_FIFO5_RFDF_IRQHandler
                0x00811800                CAN2_BUF14_IRQHandler
                0x00811800                SS2_IRQHandler
                0x00811800                DMA0_Ch0_Ch31_Error_IRQHandler
                0x00811800                EMIOS0_F0_IRQHandler
                0x00811800                PSI51_SDOE_IRQHandler
                0x00811800                EMIOS0_CH23_IRQHandler
                0x00811800                CAN0_BUF5_IRQHandler
                0x00811800                CAN0_BUF10_IRQHandler
                0x00811800                EQADC0_FIFO0_EOQF_IRQHandler
                0x00811800                DMA1_Ch24_IRQHandler
                0x00811800                SS4_IRQHandler
                0x00811800                EQADC1_FIFO1_RFDF_IRQHandler
                0x00811800                CAN0_BUF11_IRQHandler
                0x00811800                CAN0_BUF3_IRQHandler
                0x00811800                FCCU_MISC_IRQHandler
                0x00811800                EQADC1_FIFO1_PF_IRQHandler
                0x00811800                ETPU1_CIS13_IRQHandler
                0x00811800                EMIOS1_CH19_IRQHandler
                0x00811800                ETPU0_CIS21_IRQHandler
                0x00811800                DMA1_Ch29_IRQHandler
                0x00811800                SIU_3_IRQHandler
                0x00811800                IVOR11_Exception_Handler
                0x00811800                ETPU0_CIS24_IRQHandler
                0x00811800                EQADC1_FIFO1_CFFF_IRQHandler
                0x00811800                ETPU0_CIS23_IRQHandler
                0x00811800                IVOR35_Exception_Handler
                0x00811800                IVOR0_Exception_Handler
                0x00811800                CAN2_ESR2_IRQHandler
                0x00811800                ETPU1_CIS14_IRQHandler
                0x00811800                SS5_IRQHandler
                0x00811800                PIT_RTI3_IRQHandler
                0x00811800                SIU_4_15_IRQHandler
                0x00811800                DMA1_Ch5_IRQHandler
                0x00811800                DMA0_Ch42_IRQHandler
                0x00811800                EMIOS1_CH18_IRQHandler
                0x00811800                DMA0_Ch49_IRQHandler
                0x00811800                ETPU1_CIS30_IRQHandler
                0x00811800                CAN1_BUF11_IRQHandler
                0x00811800                ETPU0_CIS15_IRQHandler
                0x00811800                SRX1_CH4_IRQHandler
                0x00811800                DMA0_Ch1_IRQHandler
                0x00811800                EMIOS1_F3_IRQHandler
                0x00811800                DMA0_Ch25_IRQHandler
                0x00811800                CAN2_BUF15_IRQHandler
                0x00811800                CAN1_BUF5_IRQHandler
                0x00811800                EMIOS1_CH22_IRQHandler
                0x00811800                ETPU1_CIS16_IRQHandler
                0x00811800                ETPU0_CIS5_IRQHandler
                0x00811800                CAN1_BUF14_IRQHandler
                0x00811800                EMIOS1_CH17_IRQHandler
                0x00811800                EMIOS1_CH16_IRQHandler
                0x00811800                CMU_RSV2_IRQHandler
                0x00811800                DMA0_Ch59_IRQHandler
                0x00811800                DMA0_Ch36_IRQHandler
                0x00811800                CAN0_BUF2_IRQHandler
                0x00811800                DMA0_Ch60_IRQHandler
                0x00811800                ETPU2_CIS11_IRQHandler
                0x00811800                DMA1_Ch0_Ch31_Error_IRQHandler
                0x00811800                EQADC1_FIFO0_CFFF_IRQHandler
                0x00811800                EMIOS0_CH16_IRQHandler
                0x00811800                ETPU1_CIS27_IRQHandler
                0x00811800                CAN3_BUF13_IRQHandler
                0x00811800                DMA0_Ch29_IRQHandler
                0x00811800                ETPU1_CIS25_IRQHandler
                0x00811800                ETPU1_CIS8_IRQHandler
                0x00811800                ETPU1_CIS5_IRQHandler
                0x00811800                DMA1_Ch20_IRQHandler
                0x00811800                ETPU1_CIS20_IRQHandler
                0x00811800                DSPI3_FIFO_Error_IRQHandler
                0x00811800                ETPU1_CIS12_IRQHandler
                0x00811800                STM_CIR123_IRQHandler
                0x00811800                DMA1_Ch25_IRQHandler
                0x00811800                EQADC0_FIFO1_NCF_IRQHandler
                0x00811800                DMA0_Ch47_IRQHandler
                0x00811800                ETPU0_CIS27_IRQHandler
                0x00811800                SRX1_CH2_IRQHandler
                0x00811800                EQADC1_FIFO0_EOQF_IRQHandler
                0x00811800                DMA0_Ch32_Ch63_Error_IRQHandler
                0x00811800                CAN2_BUF32_63_IRQHandler
                0x00811800                ETPU0_CIS1_IRQHandler
                0x00811800                ETPU1_CIS4_IRQHandler
                0x00811800                SS7_IRQHandler
                0x00811800                EQADC0_FIFO2_NCF_IRQHandler
                0x00811800                DMA0_Ch15_IRQHandler
                0x00811800                ETPU2_CIS29_IRQHandler
                0x00811800                CAN1_BUF4_IRQHandler
                0x00811800                IVOR6_Exception_Handler
                0x00811800                DMA0_Ch55_IRQHandler
                0x00811800                ETPU2_CIS14_IRQHandler
                0x00811800                ETPU1_CIS26_IRQHandler
                0x00811800                CMU23_IRQHandler
                0x00811800                CAN0_BUF4_IRQHandler
                0x00811800                CAN2_BUF3_IRQHandler
                0x00811800                EQADC0_FIFO5_PF_IRQHandler
                0x00811800                EMIOS0_F6_IRQHandler
                0x00811800                CMU67_IRQHandler
                0x00811800                ETPU1_CIS24_IRQHandler
                0x00811800                DMA1_Ch28_IRQHandler
                0x00811800                ETPU2_CIS20_IRQHandler
                0x00811800                EQADC1_FIFO0_NCF_IRQHandler
                0x00811800                DMA1_Ch16_IRQHandler
                0x00811800                CAN1_BUF2_IRQHandler
                0x00811800                EQADC0_FIFO3_CFFF_IRQHandler
                0x00811800                EMIOS0_F3_IRQHandler
                0x00811800                CAN2_BUF12_IRQHandler
                0x00811800                DSPI0_TCF_IRQHandler
                0x00811800                DECFILTER10_IRQHandler
                0x00811800                DECFILTER6_IRQHandler
                0x00811800                DMA0_Ch33_IRQHandler
                0x00811800                SS1_IRQHandler
                0x00811800                DMA0_Ch8_IRQHandler
                0x00811800                ETPU2_CIS4_IRQHandler
                0x00811800                ETPU2_CIS26_IRQHandler
                0x00811800                DMA0_Ch22_IRQHandler
                0x00811800                DMA0_Ch40_IRQHandler
                0x00811800                DSPI1_Receive_IRQHandler
                0x00811800                STM_CIR0_IRQHandler
                0x00811800                EMIOS1_F4_IRQHandler
                0x00811800                EQADC0_FIFO1_PF_IRQHandler
                0x00811800                DMA0_Ch21_IRQHandler
                0x00811800                CAN1_BUF32_63_IRQHandler
                0x00811800                DMA0_Ch41_IRQHandler
                0x00811800                ETPU2_CIS7_IRQHandler
                0x00811800                DSPI4_Receive_IRQHandler
                0x00811800                DECFILTER9_IRQHandler
                0x00811800                ETPU1_CIS3_IRQHandler
                0x00811800                EMIOS0_CH22_IRQHandler
                0x00811800                CAN0_BUF14_IRQHandler
                0x00811800                DECFILTER7_IRQHandler
                0x00811800                ETPU2_CIS13_IRQHandler
                0x00811800                STCU_IRQHandler
                0x00811800                REACM_RSV1_IRQHandler
                0x00811800                DMA0_Ch26_IRQHandler
                0x00811800                EMIOS1_F0_IRQHandler
                0x00811800                ETPU2_CIS1_IRQHandler
                0x00811800                ETPU2_CIS2_IRQHandler
                0x00811800                CAN3_BUF10_IRQHandler
                0x00811800                CAN1_BUF15_IRQHandler
                0x00811800                EMIOS0_F5_IRQHandler
                0x00811800                DMA1_Ch3_IRQHandler
                0x00811800                SRX0_GBL_STATUS_IRQHandler
                0x00811800                DMA1_Ch30_IRQHandler
                0x00811800                PSI50_SDOE_IRQHandler
                0x00811800                EMIOS0_F2_IRQHandler
                0x00811800                SWT1_IRQHandler
                0x00811800                SRX1_CH5_IRQHandler
                0x00811800                SEMA4_CORE0_IRQHandler
                0x00811800                ETPU0_CIS26_IRQHandler
                0x00811800                EQADC0_FIFO2_EOQF_IRQHandler
                0x00811800                SRX1_GBL_STATUS_IRQHandler
                0x00811800                SS6_IRQHandler
                0x00811800                EQADC1_FIFO2_EOQF_IRQHandler
                0x00811800                EQADC0_FIFO4_CFFF_IRQHandler
                0x00811800                ETPU1_CIS1_IRQHandler
                0x00811800                REACM_CH01_IRQHandler
                0x00811800                ESCI3_CIR_IRQHandler
                0x00811800                CAN1_BUF16_31_IRQHandler
                0x00811800                DMA0_Ch19_IRQHandler
                0x00811800                ETPU0_CIS22_IRQHandler
                0x00811800                CAN3_BUF14_IRQHandler
                0x00811800                IVOR13_Exception_Handler
                0x00811800                CMU8_IRQHandler
                0x00811800                IVOR7_Exception_Handler
                0x00811800                ETPU0_CIS2_IRQHandler
                0x00811800                ETPU2_CIS6_IRQHandler
                0x00811800                ETPU2_CIS31_IRQHandler
                0x00811800                MCAN_IRQHandler
                0x00811800                DMA1_Ch4_IRQHandler
                0x00811800                CAN1_ESR2_IRQHandler
                0x00811800                DMA0_Ch18_IRQHandler
                0x00811800                EQADC1_FIFO4_EOQF_IRQHandler
                0x00811800                ETPU0_CIS12_IRQHandler
                0x00811800                DSPI0_TXFIFO_EOQF_IRQHandler
                0x00811800                EMIOS0_CH18_IRQHandler
                0x00811800                ETPU1_CIS9_IRQHandler
                0x00811800                DMA0_Ch12_IRQHandler
                0x00811800                ETPU1_CIS19_IRQHandler
                0x00811800                EQADC0_FIFO4_NCF_IRQHandler
                0x00811800                CAN1_BUF12_IRQHandler
                0x00811800                CAN0_ESR1_IRQHandler
                0x00811800                DMA0_Ch34_IRQHandler
                0x00811800                PMC_TEMP_IRQHandler
                0x00811800                ETPU0_CIS29_IRQHandler
                0x00811800                CAN0_BUF6_IRQHandler
                0x00811800                ETPU0_CIS14_IRQHandler
                0x00811800                DMA1_Ch12_IRQHandler
                0x00811800                CAN0_BUF7_IRQHandler
                0x00811800                DECFILTER4_IRQHandler
                0x00811800                DEC3_IDF_IRQHandler
                0x00811800                DefaultISR
                0x00811800                EQADC1_FIFO1_EOQF_IRQHandler
                0x00811800                CAN0_BUF8_IRQHandler
                0x00811800                EQADC0_FIFO5_EOQF_IRQHandler
                0x00811800                DMA1_Ch1_IRQHandler
                0x00811800                ETPU1_CIS6_IRQHandler
                0x00811800                DECFILTER8_IRQHandler
                0x00811800                DMA1_Ch0_IRQHandler
                0x00811800                ETPU2_CIS16_IRQHandler
                0x00811800                DMA0_Ch57_IRQHandler
                0x00811800                ESCI4_CIR_IRQHandler
                0x00811800                CAN0_BUF16_31_IRQHandler
                0x00811800                DMA1_Ch19_IRQHandler
                0x00811800                ETPU0_CIS13_IRQHandler
                0x00811800                DMA0_Ch62_IRQHandler
                0x00811800                IVOR9_Handler
                0x00811800                CAN3_BUF11_IRQHandler
                0x00811800                CMU45_IRQHandler
                0x00811800                EQADC0_OVRx_IRQHandler
                0x00811800                CAN2_BUF4_IRQHandler
                0x00811800                DMA0_Ch63_IRQHandler
                0x00811800                EQADC1_FIFO3_NCF_IRQHandler
                0x00811800                DMA1_Ch13_IRQHandler
                0x00811800                DEC3_OD_SD_IRQHandler
                0x00811800                EQADC0_FIFO4_EOQF_IRQHandler
                0x00811800                DMA0_Ch48_IRQHandler
                0x00811800                IVOR14_Exception_Handler
                0x00811800                EQADC0_FIFO0_RFDF_IRQHandler
                0x00811800                DMA0_Ch54_IRQHandler
                0x00811800                ETPU2_CIS19_IRQHandler
                0x00811800                PIT_RTIINT_IRQHandler
                0x00811800                DMA0_Ch58_IRQHandler
                0x00811800                ETPU1_CIS29_IRQHandler
                0x00811800                CAN0_BUF0_IRQHandler
                0x00811800                SIU_1_IRQHandler
                0x00811800                ETPU2_CIS8_IRQHandler
                0x00811804                __interrupts_end__ = .
                0x00000c00                __RAM_VECTOR_TABLE_SIZE = 0xc00
                0x00811c00                __VECTOR_TABLE_COPY_END = (__VECTOR_TABLE + __RAM_VECTOR_TABLE_SIZE)

.text           0x00811810     0x1ed0
 *(.text.startup)
 *(.text)
 .text          0x00811810      0x16c c:/nxp/s32ds_power_v2.1/s32ds/build_tools/powerpc-eabivle-4_9/bin/../lib/gcc/powerpc-eabivle/4.9.4/e200z7/fp/crtbegin.o
 *fill*         0x0081197c        0x4 
 .text          0x00811980      0x45c ./Project_Settings/Startup_Code/core0_intc_sw_handlers.o
                0x008119c0                IVOR0_Handler
                0x008119ee                IVOR1_Handler
                0x00811a3c                IVOR2_Handler
                0x00811a76                IVOR3_Handler
                0x00811ab0                IVOR4_Handler
                0x00811af8                IVOR5_Handler
                0x00811b32                IVOR6_Handler
                0x00811b6c                IVOR7_Handler
                0x00811b9a                IVOR8_Handler
                0x00811bd4                IVOR10_Handler
                0x00811c02                IVOR11_Handler
                0x00811c30                IVOR12_Handler
                0x00811c5e                IVOR13_Handler
                0x00811c98                IVOR14_Handler
                0x00811cd2                IVOR15_Handler
                0x00811d00                IVOR32_Handler
                0x00811d3a                IVOR33_Handler
                0x00811d74                IVOR34_Handler
                0x00811dae                IVOR35_Handler
 .text          0x00811ddc       0x4a c:/nxp/s32ds_power_v2.1/s32ds/build_tools/powerpc-eabivle-4_9/bin/../lib/gcc/powerpc-eabivle/4.9.4/e200z7/fp\libgcc.a(eabivle.o)
                0x00811ddc                __eabi
 *fill*         0x00811e26        0x2 
 .text          0x00811e28       0x48 c:/nxp/s32ds_power_v2.1/s32ds/build_tools/powerpc-eabivle-4_9/bin/../lib/gcc/powerpc-eabivle/4.9.4/e200z7/fp/crtend.o
 *(.text.*)
 .text.SystemInit
                0x00811e70       0x82 ./SDK/platform/devices/MPC5775B/startup/system_MPC5775B.o
                0x00811e70                SystemInit
 *fill*         0x00811ef2        0x2 
 .text.init_data_bss
                0x00811ef4       0xb4 ./SDK/platform/devices/startup.o
                0x00811ef4                init_data_bss
 .text.CLOCK_DRV_Init
                0x00811fa8      0x9d6 ./SDK/platform/drivers/src/clock/MPC5777C/clock_MPC5777C.o
                0x00811fa8                CLOCK_DRV_Init
 *fill*         0x0081297e        0x2 
 .text.CLOCK_SYS_Init
                0x00812980       0x18 ./SDK/platform/drivers/src/clock/MPC5777C/clock_MPC5777C.o
                0x00812980                CLOCK_SYS_Init
 .text.CLOCK_SYS_UpdateConfiguration
                0x00812998      0x172 ./SDK/platform/drivers/src/clock/MPC5777C/clock_MPC5777C.o
                0x00812998                CLOCK_SYS_UpdateConfiguration
 *fill*         0x00812b0a        0x2 
 .text.ENET_DRV_ReadFrame
                0x00812b0c       0x76 ./SDK/platform/drivers/src/enet/enet_driver.o
                0x00812b0c                ENET_DRV_ReadFrame
 *fill*         0x00812b82        0x2 
 .text.ENET_DRV_SendFrame
                0x00812b84       0xaa ./SDK/platform/drivers/src/enet/enet_driver.o
                0x00812b84                ENET_DRV_SendFrame
 *fill*         0x00812c2e        0x2 
 .text.ENET_DRV_ProvideRxBuff
                0x00812c30       0x6c ./SDK/platform/drivers/src/enet/enet_driver.o
                0x00812c30                ENET_DRV_ProvideRxBuff
 .text.ENET_DRV_SetMacAddr
                0x00812c9c       0x32 ./SDK/platform/drivers/src/enet/enet_driver.o
                0x00812c9c                ENET_DRV_SetMacAddr
 *fill*         0x00812cce        0x2 
 .text.ENET_DRV_Init
                0x00812cd0      0x1b0 ./SDK/platform/drivers/src/enet/enet_driver.o
                0x00812cd0                ENET_DRV_Init
 .text.ENET_DRV_GetInterruptFlags
                0x00812e80        0xc ./SDK/platform/drivers/src/enet/enet_driver.o
                0x00812e80                ENET_DRV_GetInterruptFlags
 .text.FEC_RXF_IRQHandler
                0x00812e8c       0x16 ./SDK/platform/drivers/src/enet/enet_irq.o
                0x00812e8c                FEC_RXF_IRQHandler
 *fill*         0x00812ea2        0x2 
 .text.FEC_TXF_IRQHandler
                0x00812ea4       0x16 ./SDK/platform/drivers/src/enet/enet_irq.o
                0x00812ea4                FEC_TXF_IRQHandler
 *fill*         0x00812eba        0x2 
 .text.FEC_ERR_IRQHandler
                0x00812ebc       0x16 ./SDK/platform/drivers/src/enet/enet_irq.o
                0x00812ebc                FEC_ERR_IRQHandler
 *fill*         0x00812ed2        0x2 
 .text.ENET_ConfigBufferDescriptors
                0x00812ed4       0x18 ./SDK/platform/drivers/src/enet/fec_hw_access.o
                0x00812ed4                ENET_ConfigBufferDescriptors
 .text.ENET_ConfigReceiveControl
                0x00812eec       0xa4 ./SDK/platform/drivers/src/enet/fec_hw_access.o
                0x00812eec                ENET_ConfigReceiveControl
 .text.ENET_ConfigCounters
                0x00812f90       0x56 ./SDK/platform/drivers/src/enet/fec_hw_access.o
                0x00812f90                ENET_ConfigCounters
 *fill*         0x00812fe6        0x2 
 .text.ENET_TransmitIRQHandler
                0x00812fe8       0x4c ./SDK/platform/drivers/src/enet/fec_hw_access.o
                0x00812fe8                ENET_TransmitIRQHandler
 .text.ENET_ReceiveIRQHandler
                0x00813034       0x4c ./SDK/platform/drivers/src/enet/fec_hw_access.o
                0x00813034                ENET_ReceiveIRQHandler
 .text.ENET_ErrorIRQHandler
                0x00813080       0x4e ./SDK/platform/drivers/src/enet/fec_hw_access.o
                0x00813080                ENET_ErrorIRQHandler
 *fill*         0x008130ce        0x2 
 .text.INT_SYS_EnableIRQ
                0x008130d0       0x8e ./SDK/platform/drivers/src/interrupt/interrupt_manager_MPC57xx.o
                0x008130d0                INT_SYS_EnableIRQ
 *fill*         0x0081315e        0x2 
 .text.INT_SYS_EnableIRQGlobal
                0x00813160       0x26 ./SDK/platform/drivers/src/interrupt/interrupt_manager_MPC57xx.o
                0x00813160                INT_SYS_EnableIRQGlobal
 *fill*         0x00813186        0x2 
 .text.INT_SYS_DisableIRQGlobal
                0x00813188       0x10 ./SDK/platform/drivers/src/interrupt/interrupt_manager_MPC57xx.o
                0x00813188                INT_SYS_DisableIRQGlobal
 .text.PINS_DRV_Init
                0x00813198       0x38 ./SDK/platform/drivers/src/pins/siu/pins_siu_driver.o
                0x00813198                PINS_DRV_Init
 .text.PINS_DRV_TogglePins
                0x008131d0       0x3e ./SDK/platform/drivers/src/pins/siu/pins_siu_driver.o
                0x008131d0                PINS_DRV_TogglePins
 *fill*         0x0081320e        0x2 
 .text.PINS_SetExInt
                0x00813210      0x122 ./SDK/platform/drivers/src/pins/siu/siu_hw_access.o
                0x00813210                PINS_SetExInt
 *fill*         0x00813332        0x2 
 .text.PINS_Init
                0x00813334      0x10a ./SDK/platform/drivers/src/pins/siu/siu_hw_access.o
                0x00813334                PINS_Init
 *fill*         0x0081343e        0x2 
 .text.copy_buff
                0x00813440       0x24 ./Sources/main.o
                0x00813440                copy_buff
 .text.delay    0x00813464       0x1a ./Sources/main.o
                0x00813464                delay
 *fill*         0x0081347e        0x2 
 .text.compute_checksum
                0x00813480       0x4c ./Sources/main.o
                0x00813480                compute_checksum
 .text.build_ping_reply
                0x008134cc       0xb0 ./Sources/main.o
                0x008134cc                build_ping_reply
 .text.ETH_Callback
                0x0081357c       0x8c ./Sources/main.o
                0x0081357c                ETH_Callback
 .text.main     0x00813608       0x9c ./Sources/main.o
                0x00813608                main
 *(.init)
 .init          0x008136a4        0xc c:/nxp/s32ds_power_v2.1/s32ds/build_tools/powerpc-eabivle-4_9/bin/../lib/gcc/powerpc-eabivle/4.9.4/e200z7/fp/ecrti.o
                0x008136a4                __init
 .init          0x008136b0        0x4 c:/nxp/s32ds_power_v2.1/s32ds/build_tools/powerpc-eabivle-4_9/bin/../lib/gcc/powerpc-eabivle/4.9.4/e200z7/fp/crtbegin.o
 .init          0x008136b4        0x4 c:/nxp/s32ds_power_v2.1/s32ds/build_tools/powerpc-eabivle-4_9/bin/../lib/gcc/powerpc-eabivle/4.9.4/e200z7/fp/crtend.o
 .init          0x008136b8        0xa c:/nxp/s32ds_power_v2.1/s32ds/build_tools/powerpc-eabivle-4_9/bin/../lib/gcc/powerpc-eabivle/4.9.4/e200z7/fp/ecrtn.o
 *(.fini)
 *fill*         0x008136c2        0x2 
 .fini          0x008136c4        0xc c:/nxp/s32ds_power_v2.1/s32ds/build_tools/powerpc-eabivle-4_9/bin/../lib/gcc/powerpc-eabivle/4.9.4/e200z7/fp/ecrti.o
                0x008136c4                __fini
 .fini          0x008136d0        0x4 c:/nxp/s32ds_power_v2.1/s32ds/build_tools/powerpc-eabivle-4_9/bin/../lib/gcc/powerpc-eabivle/4.9.4/e200z7/fp/crtbegin.o
 .fini          0x008136d4        0xa c:/nxp/s32ds_power_v2.1/s32ds/build_tools/powerpc-eabivle-4_9/bin/../lib/gcc/powerpc-eabivle/4.9.4/e200z7/fp/ecrtn.o
                0x008136e0                . = ALIGN (0x10)
 *fill*         0x008136de        0x2 

.glink          0x008136e0        0x0
 .glink         0x008136e0        0x0 c:/nxp/s32ds_power_v2.1/s32ds/build_tools/powerpc-eabivle-4_9/bin/../lib/gcc/powerpc-eabivle/4.9.4/e200z7/fp/crtbegin.o

.sdata2         0x008136e0        0x8
                0x008136e0                . = ALIGN (0x4)
                0x008136e0                __sdata2_start__ = .
 *(.sdata2)
 .sdata2        0x008136e0        0x0 c:/nxp/s32ds_power_v2.1/s32ds/build_tools/powerpc-eabivle-4_9/bin/../lib/gcc/powerpc-eabivle/4.9.4/e200z7/fp/ecrti.o
                0x008136e0                __SDATA2_START__
 .sdata2        0x008136e0        0x0 c:/nxp/s32ds_power_v2.1/s32ds/build_tools/powerpc-eabivle-4_9/bin/../lib/gcc/powerpc-eabivle/4.9.4/e200z7/fp/crtbegin.o
                0x0081b6e0                _SDA2_BASE_
 *(.sdata2.*)
 .sdata2.s_vectors
                0x008136e0        0x8 ./SDK/platform/devices/startup.o
                0x008136e8                . = ALIGN (0x4)
                0x008136e8                __sdata2_end__ = .

.got2           0x008136e8       0x1c
 *(.got2*)
 .got2          0x008136e8       0x1c c:/nxp/s32ds_power_v2.1/s32ds/build_tools/powerpc-eabivle-4_9/bin/../lib/gcc/powerpc-eabivle/4.9.4/e200z7/fp\libgcc.a(eabivle.o)

.preinit_array  0x00813704        0x0
                [!provide]                PROVIDE (__preinit_array_start, .)
 *(.preinit_array)
                [!provide]                PROVIDE (__preinit_array_end, .)

.init_array     0x00813704        0x0
                [!provide]                PROVIDE (__init_array_start, .)
 *(SORT(.init_array.*))
 *(.init_array)
                [!provide]                PROVIDE (__init_array_end, .)

.dtors          0x00813704        0x8
 *crtbegin.o(.dtors)
 .dtors         0x00813704        0x4 c:/nxp/s32ds_power_v2.1/s32ds/build_tools/powerpc-eabivle-4_9/bin/../lib/gcc/powerpc-eabivle/4.9.4/e200z7/fp/crtbegin.o
 *crtbegin?.o(.dtors)
 *(EXCLUDE_FILE(*crtend?.o *crtend.o) .dtors)
 .dtors         0x00813708        0x0 c:/nxp/s32ds_power_v2.1/s32ds/build_tools/powerpc-eabivle-4_9/bin/../lib/gcc/powerpc-eabivle/4.9.4/e200z7/fp/ecrti.o
                0x00813708                __DTOR_LIST__
 .dtors         0x00813708        0x0 c:/nxp/s32ds_power_v2.1/s32ds/build_tools/powerpc-eabivle-4_9/bin/../lib/gcc/powerpc-eabivle/4.9.4/e200z7/fp/ecrtn.o
 *(SORT(.dtors.*))
 *(.dtors)
 .dtors         0x00813708        0x4 c:/nxp/s32ds_power_v2.1/s32ds/build_tools/powerpc-eabivle-4_9/bin/../lib/gcc/powerpc-eabivle/4.9.4/e200z7/fp/crtend.o
                0x00813708                __DTOR_END__

.ctors          0x0081370c        0x8
 *crtbegin.o(.ctors)
 .ctors         0x0081370c        0x4 c:/nxp/s32ds_power_v2.1/s32ds/build_tools/powerpc-eabivle-4_9/bin/../lib/gcc/powerpc-eabivle/4.9.4/e200z7/fp/crtbegin.o
 *crtbegin?.o(.ctors)
 *(EXCLUDE_FILE(*crtend?.o *crtend.o) .ctors)
 .ctors         0x00813710        0x0 c:/nxp/s32ds_power_v2.1/s32ds/build_tools/powerpc-eabivle-4_9/bin/../lib/gcc/powerpc-eabivle/4.9.4/e200z7/fp/ecrti.o
                0x00813710                __CTOR_LIST__
 .ctors         0x00813710        0x0 c:/nxp/s32ds_power_v2.1/s32ds/build_tools/powerpc-eabivle-4_9/bin/../lib/gcc/powerpc-eabivle/4.9.4/e200z7/fp/ecrtn.o
                0x00813710                __CTOR_END__
 *(SORT(.ctors.*))
 *(.ctors)
 .ctors         0x00813710        0x4 c:/nxp/s32ds_power_v2.1/s32ds/build_tools/powerpc-eabivle-4_9/bin/../lib/gcc/powerpc-eabivle/4.9.4/e200z7/fp/crtend.o

.fini_array     0x00813714        0x0
                [!provide]                PROVIDE (__fini_array_start, .)
 *(SORT(.fini_array.*))
 *(.fini_array)
                [!provide]                PROVIDE (__fini_array_end, .)

.rodata         0x00813714       0xfc
 *(.rodata)
 *(.rodata.*)
 .rodata.ethernet1_buffConfigArr0
                0x00813714       0x10 ./Generated_Code/ethernet1.o
                0x00813714                ethernet1_buffConfigArr0
 .rodata.ethernet1_InitConfig0
                0x00813724       0x20 ./Generated_Code/ethernet1.o
                0x00813724                ethernet1_InitConfig0
 .rodata.CLOCK_DRV_Init
                0x00813744       0x50 ./SDK/platform/drivers/src/clock/MPC5777C/clock_MPC5777C.o
 .rodata.cmu.6545
                0x00813794       0x24 ./SDK/platform/drivers/src/clock/MPC5777C/clock_MPC5777C.o
 .rodata.cmu.6436
                0x008137b8       0x24 ./SDK/platform/drivers/src/clock/MPC5777C/clock_MPC5777C.o
 .rodata.PINS_Init
                0x008137dc       0x34 ./SDK/platform/drivers/src/pins/siu/siu_hw_access.o

.sbss2          0x00813810        0x0
 .sbss2         0x00813810        0x0 c:/nxp/s32ds_power_v2.1/s32ds/build_tools/powerpc-eabivle-4_9/bin/../lib/gcc/powerpc-eabivle/4.9.4/e200z7/fp/ecrtn.o

.eh_frame_hdr
 *(.eh_frame_hdr)

.eh_frame       0x00813810        0x8
 *(.eh_frame)
 .eh_frame      0x00813810        0x0 c:/nxp/s32ds_power_v2.1/s32ds/build_tools/powerpc-eabivle-4_9/bin/../lib/gcc/powerpc-eabivle/4.9.4/e200z7/fp/ecrti.o
                0x00813810                __EH_FRAME_BEGIN__
 .eh_frame      0x00813810        0x0 c:/nxp/s32ds_power_v2.1/s32ds/build_tools/powerpc-eabivle-4_9/bin/../lib/gcc/powerpc-eabivle/4.9.4/e200z7/fp/crtbegin.o
 .eh_frame      0x00813810        0x0 c:/nxp/s32ds_power_v2.1/s32ds/build_tools/powerpc-eabivle-4_9/bin/../lib/gcc/powerpc-eabivle/4.9.4/e200z7/fp/crtbegin.o
 .eh_frame      0x00813810        0x4 c:/nxp/s32ds_power_v2.1/s32ds/build_tools/powerpc-eabivle-4_9/bin/../lib/gcc/powerpc-eabivle/4.9.4/e200z7/fp/crtend.o
 .eh_frame      0x00813814        0x4 c:/nxp/s32ds_power_v2.1/s32ds/build_tools/powerpc-eabivle-4_9/bin/../lib/gcc/powerpc-eabivle/4.9.4/e200z7/fp/ecrtn.o
                0x00813814                __EH_FRAME_END__

.init_table     0x00813818       0x40
                0x00813818                . = ALIGN (0x4)
                0x00813818                __COPY_TABLE = .
 *(.init_table)
 .init_table    0x00813818       0x40 ./Project_Settings/Startup_Code/startup_MPC5775B.o

.zero_table     0x00813858       0x14
                0x00813858                . = ALIGN (0x4)
                0x00813858                __ZERO_TABLE = .
 *(.zero_table)
 .zero_table    0x00813858       0x14 ./Project_Settings/Startup_Code/startup_MPC5775B.o

.RAppID_AppKey  0x0081386c        0x4
                0x0081386c                . = ALIGN (0x4)
                0x0081386c                __RAPPID_APP_KEY_ADDR = .
 *(.RAppID_AppKey)
 .RAppID_AppKey
                0x0081386c        0x4 ./Project_Settings/Startup_Code/startup_MPC5775B.o
                0x00813870                . = ALIGN (0x4)
                0x00813870                __TEXT_END = .

.rela.dyn       0x00813870        0x0
 .rela.iplt     0x00813870        0x0 c:/nxp/s32ds_power_v2.1/s32ds/build_tools/powerpc-eabivle-4_9/bin/../lib/gcc/powerpc-eabivle/4.9.4/e200z7/fp/crtbegin.o
 .rela.text     0x00813870        0x0 c:/nxp/s32ds_power_v2.1/s32ds/build_tools/powerpc-eabivle-4_9/bin/../lib/gcc/powerpc-eabivle/4.9.4/e200z7/fp/crtbegin.o
 .rela.rodata.ethernet1_InitConfig0
                0x00813870        0x0 c:/nxp/s32ds_power_v2.1/s32ds/build_tools/powerpc-eabivle-4_9/bin/../lib/gcc/powerpc-eabivle/4.9.4/e200z7/fp/crtbegin.o
 .rela.sdata.phyDrivers
                0x00813870        0x0 c:/nxp/s32ds_power_v2.1/s32ds/build_tools/powerpc-eabivle-4_9/bin/../lib/gcc/powerpc-eabivle/4.9.4/e200z7/fp/crtbegin.o
 .rela.data.phyConfig
                0x00813870        0x0 c:/nxp/s32ds_power_v2.1/s32ds/build_tools/powerpc-eabivle-4_9/bin/../lib/gcc/powerpc-eabivle/4.9.4/e200z7/fp/crtbegin.o
 .rela.RAppID_AppKeyAddr
                0x00813870        0x0 c:/nxp/s32ds_power_v2.1/s32ds/build_tools/powerpc-eabivle-4_9/bin/../lib/gcc/powerpc-eabivle/4.9.4/e200z7/fp/crtbegin.o
 .rela.init_table
                0x00813870        0x0 c:/nxp/s32ds_power_v2.1/s32ds/build_tools/powerpc-eabivle-4_9/bin/../lib/gcc/powerpc-eabivle/4.9.4/e200z7/fp/crtbegin.o
 .rela.zero_table
                0x00813870        0x0 c:/nxp/s32ds_power_v2.1/s32ds/build_tools/powerpc-eabivle-4_9/bin/../lib/gcc/powerpc-eabivle/4.9.4/e200z7/fp/crtbegin.o
 .rela.cpu0_reset_vector
                0x00813870        0x0 c:/nxp/s32ds_power_v2.1/s32ds/build_tools/powerpc-eabivle-4_9/bin/../lib/gcc/powerpc-eabivle/4.9.4/e200z7/fp/crtbegin.o
 .rela.intc_vector_table
                0x00813870        0x0 c:/nxp/s32ds_power_v2.1/s32ds/build_tools/powerpc-eabivle-4_9/bin/../lib/gcc/powerpc-eabivle/4.9.4/e200z7/fp/crtbegin.o
 .rela.text.init_data_bss
                0x00813870        0x0 c:/nxp/s32ds_power_v2.1/s32ds/build_tools/powerpc-eabivle-4_9/bin/../lib/gcc/powerpc-eabivle/4.9.4/e200z7/fp/crtbegin.o
 .rela.text.INT_SYS_InstallHandler
                0x00813870        0x0 c:/nxp/s32ds_power_v2.1/s32ds/build_tools/powerpc-eabivle-4_9/bin/../lib/gcc/powerpc-eabivle/4.9.4/e200z7/fp/crtbegin.o
 .rela.data.PHY_driver_generic
                0x00813870        0x0 c:/nxp/s32ds_power_v2.1/s32ds/build_tools/powerpc-eabivle-4_9/bin/../lib/gcc/powerpc-eabivle/4.9.4/e200z7/fp/crtbegin.o
 .rela.got2     0x00813870        0x0 c:/nxp/s32ds_power_v2.1/s32ds/build_tools/powerpc-eabivle-4_9/bin/../lib/gcc/powerpc-eabivle/4.9.4/e200z7/fp/crtbegin.o

.interrupts_ram
                0x40000000      0xc00
                0x40000000                __VECTOR_RAM = .
 *(.m_interrupts_ram)
                0x40000c00                . = (. + __RAM_VECTOR_TABLE_SIZE)
 *fill*         0x40000000      0xc00 
                0x00813870                __CUSTOM_ROM = __TEXT_END

.customSectionBlock
                0x40000c00        0x0 load address 0x00813870
                0x40000c00                . = ALIGN (0x4)
                0x40000c00                __CUSTOM_RAM = .
                0x40000c00                __customSectionStart = .
                0x40000c00                __customSection_start__ = .
 *(.customSection)
                0x40000c00                . = ALIGN (0x4)
                0x40000c00                __customSection_end__ = .
                0x40000c00                __customSectionEnd = .
                0x00813870                __CUSTOM_END = (__CUSTOM_ROM + (__customSection_end__ - __customSection_start__))
                0x00813870                __DATA_ROM = __CUSTOM_END

.data           0x40000c00      0x558 load address 0x00813870
                0x40000c00                . = ALIGN (0x4)
                0x40000c00                __DATA_RAM = .
                0x40000c00                __data_start__ = .
 *(.data)
 .data          0x40000c00        0x4 c:/nxp/s32ds_power_v2.1/s32ds/build_tools/powerpc-eabivle-4_9/bin/../lib/gcc/powerpc-eabivle/4.9.4/e200z7/fp\libgcc.a(eabivle.o)
 *(.data.*)
 .data.clockMan1_InitConfig0
                0x40000c04      0x12c ./Generated_Code/clockMan1.o
                0x40000c04                clockMan1_InitConfig0
 .data.g_pin_mux_InitConfigArr
                0x40000d30      0x428 ./Generated_Code/pin_mux.o
                0x40000d30                g_pin_mux_InitConfigArr
                0x40001158                . = ALIGN (0x4)
                0x40001158                __data_end__ = .
                0x00813dc8                __DATA_END = (__DATA_ROM + (__data_end__ - __data_start__))
                0x00813dc8                __SDATA_ROM = __DATA_END

.jcr            0x40001158        0x0 load address 0x00813dc8
 .jcr           0x40001158        0x0 c:/nxp/s32ds_power_v2.1/s32ds/build_tools/powerpc-eabivle-4_9/bin/../lib/gcc/powerpc-eabivle/4.9.4/e200z7/fp/crtbegin.o

.tm_clone_table
                0x40001158        0x0 load address 0x00813dc8
 .tm_clone_table
                0x40001158        0x0 c:/nxp/s32ds_power_v2.1/s32ds/build_tools/powerpc-eabivle-4_9/bin/../lib/gcc/powerpc-eabivle/4.9.4/e200z7/fp/crtbegin.o
 .tm_clone_table
                0x40001158        0x0 c:/nxp/s32ds_power_v2.1/s32ds/build_tools/powerpc-eabivle-4_9/bin/../lib/gcc/powerpc-eabivle/4.9.4/e200z7/fp/crtend.o

.NULL           0x40001180     0x1e28 load address 0x00813e00
 .NULL          0x40001180     0x1e28 ./Generated_Code/ethernet1.o

.sdata          0x40002fa8       0x10 load address 0x00813dc8
                0x40002fa8                . = ALIGN (0x4)
                0x40002fa8                __SDATA_RAM = .
                0x40002fa8                __sdata_start__ = .
 *(.sdata)
 .sdata         0x40002fa8        0x0 c:/nxp/s32ds_power_v2.1/s32ds/build_tools/powerpc-eabivle-4_9/bin/../lib/gcc/powerpc-eabivle/4.9.4/e200z7/fp/ecrti.o
                0x40002fa8                __SDATA_START__
 .sdata         0x40002fa8        0x0 c:/nxp/s32ds_power_v2.1/s32ds/build_tools/powerpc-eabivle-4_9/bin/../lib/gcc/powerpc-eabivle/4.9.4/e200z7/fp/crtbegin.o
                0x4000afa8                _SDA_BASE_
 *(.sdata.*)
 .sdata.g_clockManConfigsArr
                0x40002fa8        0x4 ./Generated_Code/clockMan1.o
                0x40002fa8                g_clockManConfigsArr
 .sdata.ethernet1_MacAddr
                0x40002fac        0x6 ./Generated_Code/ethernet1.o
                0x40002fac                ethernet1_MacAddr
 *fill*         0x40002fb2        0x2 
 .sdata.g_xtal0ClkFreq
                0x40002fb4        0x4 ./SDK/platform/drivers/src/clock/MPC5777C/clock_MPC5777C.o
                0x40002fb4                g_xtal0ClkFreq
                0x40002fb8                . = ALIGN (0x4)
                0x40002fb8                __sdata_end__ = .
                0x00813dd8                __SDATA_END = (__SDATA_ROM + (__sdata_end__ - __sdata_start__))

.sbss           0x40002fb8       0x48 load address 0x00813dd8
                0x40002fb8                . = ALIGN (0x4)
                0x40002fb8                __SBSS_START = .
                0x40002fb8                __sbss_start__ = .
 *(.sbss)
 .sbss          0x40002fb8        0x0 c:/nxp/s32ds_power_v2.1/s32ds/build_tools/powerpc-eabivle-4_9/bin/../lib/gcc/powerpc-eabivle/4.9.4/e200z7/fp/ecrti.o
                0x40002fb8                __SBSS_START__
 .sbss          0x40002fb8        0x0 c:/nxp/s32ds_power_v2.1/s32ds/build_tools/powerpc-eabivle-4_9/bin/../lib/gcc/powerpc-eabivle/4.9.4/e200z7/fp/ecrtn.o
                0x40002fb8                __SBSS_END__
 *(.sbss.*)
 .sbss.g_clockManCallbacksArr
                0x40002fb8        0x4 ./Generated_Code/clockMan1.o
                0x40002fb8                g_clockManCallbacksArr
 .sbss.g_sipiRefClkFreq
                0x40002fbc        0x4 ./SDK/platform/drivers/src/clock/MPC5777C/clock_MPC5777C.o
                0x40002fbc                g_sipiRefClkFreq
 .sbss.g_enetState
                0x40002fc0        0x4 ./SDK/platform/drivers/src/enet/enet_driver.o
                0x40002fc0                g_enetState
 .sbss.g_interruptDisableCount
                0x40002fc4        0x4 ./SDK/platform/drivers/src/interrupt/interrupt_manager_MPC57xx.o
 .sbss.s_phyDrivers
                0x40002fc8        0x4 ./SDK/platform/drivers/src/phy/phy.o
 .sbss.g_phyConfig
                0x40002fcc        0x4 ./SDK/platform/drivers/src/phy/phy.o
                0x40002fcc                g_phyConfig
 .sbss.initialized.2616
                0x40002fd0        0x1 ./SDK/platform/drivers/src/phy/phy_tja110x.o
 *fill*         0x40002fd1        0x3 
 .sbss.s_osif_tick_cnt
                0x40002fd4        0x4 ./SDK/rtos/osif/osif_baremetal.o
 .sbss.phy_id   0x40002fd8        0x8 ./Sources/main.o
                0x40002fd8                phy_id
 .sbss.exit_code
                0x40002fe0        0x4 ./Sources/main.o
                0x40002fe0                exit_code
 .sbss.link_speed
                0x40002fe4        0x4 ./Sources/main.o
                0x40002fe4                link_speed
 .sbss.rxBuff   0x40002fe8        0x8 ./Sources/main.o
                0x40002fe8                rxBuff
 .sbss.tt       0x40002ff0        0x4 ./Sources/main.o
                0x40002ff0                tt
 .sbss.linkup   0x40002ff4        0x4 ./Sources/main.o
                0x40002ff4                linkup
 .sbss.phy_state
                0x40002ff8        0x4 ./Sources/main.o
                0x40002ff8                phy_state
 .sbss.phy      0x40002ffc        0x1 ./Sources/main.o
                0x40002ffc                phy
                0x40003000                . = ALIGN (0x4)
 *fill*         0x40002ffd        0x3 
                0x40003000                __sbss_end__ = .
                0x40003000                __SBSS_END = .

.bss            0x40003000      0x14c load address 0x00813e20
                0x40003000                . = ALIGN (0x4)
                0x40003000                __BSS_START = .
                0x40003000                __bss_start__ = .
 *(.bss)
 .bss           0x40003000       0x20 c:/nxp/s32ds_power_v2.1/s32ds/build_tools/powerpc-eabivle-4_9/bin/../lib/gcc/powerpc-eabivle/4.9.4/e200z7/fp/crtbegin.o
 *(.bss.*)
 .bss.ethernet1_State
                0x40003020       0x1c ./Generated_Code/ethernet1.o
                0x40003020                ethernet1_State
 .bss.g_clockState
                0x4000303c       0x10 ./SDK/platform/drivers/src/clock/MPC5777C/clock_MPC5777C.o
 .bss.g_interruptShadowPriority
                0x4000304c      0x100 ./SDK/platform/drivers/src/interrupt/interrupt_manager_MPC57xx.o
 *(COMMON)
                0x4000314c                . = ALIGN (0x4)
                0x4000314c                __bss_end__ = .
                0x4000314c                __BSS_END = .
                0x00813dd8                __CODE_ROM = __SDATA_END

.iplt           0x40003150        0x0 load address 0x00813f70
 .iplt          0x40003150        0x0 c:/nxp/s32ds_power_v2.1/s32ds/build_tools/powerpc-eabivle-4_9/bin/../lib/gcc/powerpc-eabivle/4.9.4/e200z7/fp/crtbegin.o

.code           0x4000314c        0x0 load address 0x00813dd8
                0x4000314c                . = ALIGN (0x4)
                0x4000314c                __CODE_RAM = .
                0x4000314c                __code_start__ = .
                0x4000314c                __code_ram_start__ = .
 *(.code_ram)
                0x4000314c                . = ALIGN (0x4)
                0x4000314c                __code_ram_end__ = .
                0x4000314c                __code_end__ = .
                0x00813dd8                __CODE_END = (__CODE_ROM + (__code_end__ - __code_start__))

.stack          0x40003150     0x1000 load address 0x00813f70
                0x40003150                __HEAP = .
                [!provide]                PROVIDE (_end, .)
                [!provide]                PROVIDE (end, .)
                0x40003150                . = (. + __HEAP_SIZE)
                0x40003150                __HEAP_END = .
                0x40003150                _stack_end = .
                0x40004150                . = (. + __STACK_SIZE)
 *fill*         0x40003150     0x1000 
                0x40004150                . = ALIGN (0x4)
                0x40004150                _stack_addr = .
                0x40004150                __SP_INIT = .
                0x00040000                __SRAM_SIZE = SRAM_SIZE
                0x40000000                __SRAM_BASE_ADDR = SRAM_BASE_ADDR
                0x0000014c                __BSS_SIZE = (__BSS_END - __BSS_START)
OUTPUT(test_01_Z7_0.elf elf32-powerpc)

.comment        0x00000000       0x9c
 .comment       0x00000000        0xd c:/nxp/s32ds_power_v2.1/s32ds/build_tools/powerpc-eabivle-4_9/bin/../lib/gcc/powerpc-eabivle/4.9.4/e200z7/fp/ecrti.o
                                  0xe (size before relaxing)
 .comment       0x0000000d       0x82 c:/nxp/s32ds_power_v2.1/s32ds/build_tools/powerpc-eabivle-4_9/bin/../lib/gcc/powerpc-eabivle/4.9.4/e200z7/fp/crtbegin.o
                                 0x83 (size before relaxing)
 .comment       0x0000008f       0x83 ./Generated_Code/clockMan1.o
 .comment       0x0000008f       0x83 ./Generated_Code/ethernet1.o
 .comment       0x0000008f       0x83 ./Generated_Code/pin_mux.o
 .comment       0x0000008f       0x83 ./SDK/platform/devices/MPC5775B/startup/system_MPC5775B.o
 .comment       0x0000008f       0x83 ./SDK/platform/devices/startup.o
 .comment       0x0000008f       0x83 ./SDK/platform/drivers/src/clock/MPC5777C/clock_MPC5777C.o
 .comment       0x0000008f       0x83 ./SDK/platform/drivers/src/enet/enet_driver.o
 .comment       0x0000008f       0x83 ./SDK/platform/drivers/src/enet/enet_irq.o
 .comment       0x0000008f       0x83 ./SDK/platform/drivers/src/enet/fec_hw_access.o
 .comment       0x0000008f       0x83 ./SDK/platform/drivers/src/interrupt/interrupt_manager_MPC57xx.o
 .comment       0x0000008f       0x83 ./SDK/platform/drivers/src/phy/phy.o
 .comment       0x0000008f       0x83 ./SDK/platform/drivers/src/phy/phy_generic.o
 .comment       0x0000008f       0x83 ./SDK/platform/drivers/src/phy/phy_shared.o
 .comment       0x0000008f       0x83 ./SDK/platform/drivers/src/phy/phy_tja110x.o
 .comment       0x0000008f       0x83 ./SDK/platform/drivers/src/pins/siu/pins_siu_driver.o
 .comment       0x0000008f       0x83 ./SDK/platform/drivers/src/pins/siu/siu_hw_access.o
 .comment       0x0000008f       0x83 ./SDK/rtos/osif/osif_baremetal.o
 .comment       0x0000008f       0x83 ./Sources/main.o
 .comment       0x0000008f       0x83 c:/nxp/s32ds_power_v2.1/s32ds/build_tools/powerpc-eabivle-4_9/bin/../lib/gcc/powerpc-eabivle/4.9.4/e200z7/fp/crtend.o
 .comment       0x0000008f        0xd c:/nxp/s32ds_power_v2.1/s32ds/build_tools/powerpc-eabivle-4_9/bin/../lib/gcc/powerpc-eabivle/4.9.4/e200z7/fp/ecrtn.o
                                  0xe (size before relaxing)

.PPC.EMB.apuinfo
                0x00000000       0x1c
 .PPC.EMB.apuinfo
                0x00000000       0x18 c:/nxp/s32ds_power_v2.1/s32ds/build_tools/powerpc-eabivle-4_9/bin/../lib/gcc/powerpc-eabivle/4.9.4/e200z7/fp/ecrti.o
 .PPC.EMB.apuinfo
                0x00000018       0x18 c:/nxp/s32ds_power_v2.1/s32ds/build_tools/powerpc-eabivle-4_9/bin/../lib/gcc/powerpc-eabivle/4.9.4/e200z7/fp/crtbegin.o
 .PPC.EMB.apuinfo
                0x00000030       0x1c ./Project_Settings/Startup_Code/core0_intc_sw_handlers.o
 .PPC.EMB.apuinfo
                0x0000004c       0x18 ./Project_Settings/Startup_Code/interrupt_vectors.o
 .PPC.EMB.apuinfo
                0x00000064       0x18 ./Project_Settings/Startup_Code/startup_MPC5775B.o
 .PPC.EMB.apuinfo
                0x0000007c       0x18 ./SDK/platform/devices/MPC5775B/startup/system_MPC5775B.o
 .PPC.EMB.apuinfo
                0x00000094       0x18 ./SDK/platform/devices/startup.o
 .PPC.EMB.apuinfo
                0x000000ac       0x18 ./SDK/platform/drivers/src/clock/MPC5777C/clock_MPC5777C.o
 .PPC.EMB.apuinfo
                0x000000c4       0x18 ./SDK/platform/drivers/src/enet/enet_driver.o
 .PPC.EMB.apuinfo
                0x000000dc       0x18 ./SDK/platform/drivers/src/enet/enet_irq.o
 .PPC.EMB.apuinfo
                0x000000f4       0x18 ./SDK/platform/drivers/src/enet/fec_hw_access.o
 .PPC.EMB.apuinfo
                0x0000010c       0x18 ./SDK/platform/drivers/src/interrupt/interrupt_manager_MPC57xx.o
 .PPC.EMB.apuinfo
                0x00000124       0x18 ./SDK/platform/drivers/src/phy/phy.o
 .PPC.EMB.apuinfo
                0x0000013c       0x18 ./SDK/platform/drivers/src/phy/phy_generic.o
 .PPC.EMB.apuinfo
                0x00000154       0x18 ./SDK/platform/drivers/src/phy/phy_shared.o
 .PPC.EMB.apuinfo
                0x0000016c       0x18 ./SDK/platform/drivers/src/phy/phy_tja110x.o
 .PPC.EMB.apuinfo
                0x00000184       0x18 ./SDK/platform/drivers/src/pins/siu/pins_siu_driver.o
 .PPC.EMB.apuinfo
                0x0000019c       0x18 ./SDK/platform/drivers/src/pins/siu/siu_hw_access.o
 .PPC.EMB.apuinfo
                0x000001b4       0x18 ./SDK/rtos/osif/osif_baremetal.o
 .PPC.EMB.apuinfo
                0x000001cc       0x18 ./Sources/main.o
 .PPC.EMB.apuinfo
                0x000001e4       0x18 c:/nxp/s32ds_power_v2.1/s32ds/build_tools/powerpc-eabivle-4_9/bin/../lib/gcc/powerpc-eabivle/4.9.4/e200z7/fp\libgcc.a(eabivle.o)
 .PPC.EMB.apuinfo
                0x000001fc       0x18 c:/nxp/s32ds_power_v2.1/s32ds/build_tools/powerpc-eabivle-4_9/bin/../lib/gcc/powerpc-eabivle/4.9.4/e200z7/fp/crtend.o
 .PPC.EMB.apuinfo
                0x00000214       0x18 c:/nxp/s32ds_power_v2.1/s32ds/build_tools/powerpc-eabivle-4_9/bin/../lib/gcc/powerpc-eabivle/4.9.4/e200z7/fp/ecrtn.o

.debug_info     0x00000000    0x215c7
 .debug_info    0x00000000     0x35c9 ./Generated_Code/clockMan1.o
 .debug_info    0x000035c9     0x11e2 ./Generated_Code/ethernet1.o
 .debug_info    0x000047ab      0xaab ./Generated_Code/pin_mux.o
 .debug_info    0x00005256       0xbe ./Project_Settings/Startup_Code/core0_intc_sw_handlers.o
 .debug_info    0x00005314       0xb9 ./Project_Settings/Startup_Code/interrupt_vectors.o
 .debug_info    0x000053cd       0xb4 ./Project_Settings/Startup_Code/startup_MPC5775B.o
 .debug_info    0x00005481     0x1809 ./SDK/platform/devices/MPC5775B/startup/system_MPC5775B.o
 .debug_info    0x00006c8a      0x331 ./SDK/platform/devices/startup.o
 .debug_info    0x00006fbb     0x7088 ./SDK/platform/drivers/src/clock/MPC5777C/clock_MPC5777C.o
 .debug_info    0x0000e043     0x31dc ./SDK/platform/drivers/src/enet/enet_driver.o
 .debug_info    0x0001121f      0x70a ./SDK/platform/drivers/src/enet/enet_irq.o
 .debug_info    0x00011929     0x1775 ./SDK/platform/drivers/src/enet/fec_hw_access.o
 .debug_info    0x0001309e     0x186d ./SDK/platform/drivers/src/interrupt/interrupt_manager_MPC57xx.o
 .debug_info    0x0001490b     0x13c7 ./SDK/platform/drivers/src/phy/phy.o
 .debug_info    0x00015cd2     0x11f0 ./SDK/platform/drivers/src/phy/phy_generic.o
 .debug_info    0x00016ec2      0x49e ./SDK/platform/drivers/src/phy/phy_shared.o
 .debug_info    0x00017360     0x1734 ./SDK/platform/drivers/src/phy/phy_tja110x.o
 .debug_info    0x00018a94     0x17fc ./SDK/platform/drivers/src/pins/siu/pins_siu_driver.o
 .debug_info    0x0001a290      0xc00 ./SDK/platform/drivers/src/pins/siu/siu_hw_access.o
 .debug_info    0x0001ae90     0x1af6 ./SDK/rtos/osif/osif_baremetal.o
 .debug_info    0x0001c986     0x4c41 ./Sources/main.o

.debug_abbrev   0x00000000     0x26bd
 .debug_abbrev  0x00000000       0xea ./Generated_Code/clockMan1.o
 .debug_abbrev  0x000000ea       0xf9 ./Generated_Code/ethernet1.o
 .debug_abbrev  0x000001e3      0x11d ./Generated_Code/pin_mux.o
 .debug_abbrev  0x00000300       0x14 ./Project_Settings/Startup_Code/core0_intc_sw_handlers.o
 .debug_abbrev  0x00000314       0x14 ./Project_Settings/Startup_Code/interrupt_vectors.o
 .debug_abbrev  0x00000328       0x12 ./Project_Settings/Startup_Code/startup_MPC5775B.o
 .debug_abbrev  0x0000033a      0x164 ./SDK/platform/devices/MPC5775B/startup/system_MPC5775B.o
 .debug_abbrev  0x0000049e      0x133 ./SDK/platform/devices/startup.o
 .debug_abbrev  0x000005d1      0x3ac ./SDK/platform/drivers/src/clock/MPC5777C/clock_MPC5777C.o
 .debug_abbrev  0x0000097d      0x38b ./SDK/platform/drivers/src/enet/enet_driver.o
 .debug_abbrev  0x00000d08      0x115 ./SDK/platform/drivers/src/enet/enet_irq.o
 .debug_abbrev  0x00000e1d      0x2e1 ./SDK/platform/drivers/src/enet/fec_hw_access.o
 .debug_abbrev  0x000010fe      0x28a ./SDK/platform/drivers/src/interrupt/interrupt_manager_MPC57xx.o
 .debug_abbrev  0x00001388      0x224 ./SDK/platform/drivers/src/phy/phy.o
 .debug_abbrev  0x000015ac      0x299 ./SDK/platform/drivers/src/phy/phy_generic.o
 .debug_abbrev  0x00001845      0x135 ./SDK/platform/drivers/src/phy/phy_shared.o
 .debug_abbrev  0x0000197a      0x2b1 ./SDK/platform/drivers/src/phy/phy_tja110x.o
 .debug_abbrev  0x00001c2b      0x328 ./SDK/platform/drivers/src/pins/siu/pins_siu_driver.o
 .debug_abbrev  0x00001f53      0x18c ./SDK/platform/drivers/src/pins/siu/siu_hw_access.o
 .debug_abbrev  0x000020df      0x2e9 ./SDK/rtos/osif/osif_baremetal.o
 .debug_abbrev  0x000023c8      0x2f5 ./Sources/main.o

.debug_aranges  0x00000000      0x760
 .debug_aranges
                0x00000000       0x18 ./Generated_Code/clockMan1.o
 .debug_aranges
                0x00000018       0x18 ./Generated_Code/ethernet1.o
 .debug_aranges
                0x00000030       0x18 ./Generated_Code/pin_mux.o
 .debug_aranges
                0x00000048       0x20 ./Project_Settings/Startup_Code/core0_intc_sw_handlers.o
 .debug_aranges
                0x00000068       0x20 ./Project_Settings/Startup_Code/interrupt_vectors.o
 .debug_aranges
                0x00000088       0x28 ./Project_Settings/Startup_Code/startup_MPC5775B.o
 .debug_aranges
                0x000000b0       0x30 ./SDK/platform/devices/MPC5775B/startup/system_MPC5775B.o
 .debug_aranges
                0x000000e0       0x20 ./SDK/platform/devices/startup.o
 .debug_aranges
                0x00000100       0x70 ./SDK/platform/drivers/src/clock/MPC5777C/clock_MPC5777C.o
 .debug_aranges
                0x00000170       0xc8 ./SDK/platform/drivers/src/enet/enet_driver.o
 .debug_aranges
                0x00000238       0x30 ./SDK/platform/drivers/src/enet/enet_irq.o
 .debug_aranges
                0x00000268       0x60 ./SDK/platform/drivers/src/enet/fec_hw_access.o
 .debug_aranges
                0x000002c8       0x80 ./SDK/platform/drivers/src/interrupt/interrupt_manager_MPC57xx.o
 .debug_aranges
                0x00000348      0x108 ./SDK/platform/drivers/src/phy/phy.o
 .debug_aranges
                0x00000450       0x98 ./SDK/platform/drivers/src/phy/phy_generic.o
 .debug_aranges
                0x000004e8       0x30 ./SDK/platform/drivers/src/phy/phy_shared.o
 .debug_aranges
                0x00000518       0x88 ./SDK/platform/drivers/src/phy/phy_tja110x.o
 .debug_aranges
                0x000005a0       0xb8 ./SDK/platform/drivers/src/pins/siu/pins_siu_driver.o
 .debug_aranges
                0x00000658       0x30 ./SDK/platform/drivers/src/pins/siu/siu_hw_access.o
 .debug_aranges
                0x00000688       0x70 ./SDK/rtos/osif/osif_baremetal.o
 .debug_aranges
                0x000006f8       0x68 ./Sources/main.o

.debug_macro    0x00000000    0x234b1
 .debug_macro   0x00000000      0x22c ./Generated_Code/clockMan1.o
 .debug_macro   0x0000022c       0x1c ./Generated_Code/clockMan1.o
 .debug_macro   0x00000248    0x21450 ./Generated_Code/clockMan1.o
 .debug_macro   0x00021698       0x10 ./Generated_Code/clockMan1.o
 .debug_macro   0x000216a8      0x23c ./Generated_Code/ethernet1.o
 .debug_macro   0x000218e4      0x168 ./Generated_Code/pin_mux.o
 .debug_macro   0x00021a4c       0xf8 ./SDK/platform/devices/MPC5775B/startup/system_MPC5775B.o
 .debug_macro   0x00021b44       0x22 ./SDK/platform/devices/MPC5775B/startup/system_MPC5775B.o
 .debug_macro   0x00021b66      0x13b ./SDK/platform/devices/startup.o
 .debug_macro   0x00021ca1       0x58 ./SDK/platform/devices/startup.o
 .debug_macro   0x00021cf9      0x17a ./SDK/platform/drivers/src/clock/MPC5777C/clock_MPC5777C.o
 .debug_macro   0x00021e73      0x1bf ./SDK/platform/drivers/src/enet/enet_driver.o
 .debug_macro   0x00022032       0x58 ./SDK/platform/drivers/src/enet/enet_driver.o
 .debug_macro   0x0002208a      0x162 ./SDK/platform/drivers/src/enet/enet_irq.o
 .debug_macro   0x000221ec       0x52 ./SDK/platform/drivers/src/enet/enet_irq.o
 .debug_macro   0x0002223e      0x168 ./SDK/platform/drivers/src/enet/fec_hw_access.o
 .debug_macro   0x000223a6      0x159 ./SDK/platform/drivers/src/interrupt/interrupt_manager_MPC57xx.o
 .debug_macro   0x000224ff      0x1af ./SDK/platform/drivers/src/interrupt/interrupt_manager_MPC57xx.o
 .debug_macro   0x000226ae      0x176 ./SDK/platform/drivers/src/phy/phy.o
 .debug_macro   0x00022824      0x1e9 ./SDK/platform/drivers/src/phy/phy_generic.o
 .debug_macro   0x00022a0d       0x4c ./SDK/platform/drivers/src/phy/phy_generic.o
 .debug_macro   0x00022a59      0x142 ./SDK/platform/drivers/src/phy/phy_shared.o
 .debug_macro   0x00022b9b      0x23e ./SDK/platform/drivers/src/phy/phy_tja110x.o
 .debug_macro   0x00022dd9      0x168 ./SDK/platform/drivers/src/pins/siu/pins_siu_driver.o
 .debug_macro   0x00022f41       0x10 ./SDK/platform/drivers/src/pins/siu/pins_siu_driver.o
 .debug_macro   0x00022f51      0x15a ./SDK/platform/drivers/src/pins/siu/siu_hw_access.o
 .debug_macro   0x000230ab      0x17e ./SDK/rtos/osif/osif_baremetal.o
 .debug_macro   0x00023229      0x288 ./Sources/main.o

.debug_line     0x00000000     0x6d3f
 .debug_line    0x00000000      0x6b4 ./Generated_Code/clockMan1.o
 .debug_line    0x000006b4      0x6b4 ./Generated_Code/ethernet1.o
 .debug_line    0x00000d68      0x442 ./Generated_Code/pin_mux.o
 .debug_line    0x000011aa      0x1d8 ./Project_Settings/Startup_Code/core0_intc_sw_handlers.o
 .debug_line    0x00001382       0x7b ./Project_Settings/Startup_Code/interrupt_vectors.o
 .debug_line    0x000013fd      0x101 ./Project_Settings/Startup_Code/startup_MPC5775B.o
 .debug_line    0x000014fe      0x3c2 ./SDK/platform/devices/MPC5775B/startup/system_MPC5775B.o
 .debug_line    0x000018c0      0x34c ./SDK/platform/devices/startup.o
 .debug_line    0x00001c0c      0xb78 ./SDK/platform/drivers/src/clock/MPC5777C/clock_MPC5777C.o
 .debug_line    0x00002784      0x88c ./SDK/platform/drivers/src/enet/enet_driver.o
 .debug_line    0x00003010      0x47e ./SDK/platform/drivers/src/enet/enet_irq.o
 .debug_line    0x0000348e      0x55f ./SDK/platform/drivers/src/enet/fec_hw_access.o
 .debug_line    0x000039ed      0x5b6 ./SDK/platform/drivers/src/interrupt/interrupt_manager_MPC57xx.o
 .debug_line    0x00003fa3      0x708 ./SDK/platform/drivers/src/phy/phy.o
 .debug_line    0x000046ab      0x553 ./SDK/platform/drivers/src/phy/phy_generic.o
 .debug_line    0x00004bfe      0x308 ./SDK/platform/drivers/src/phy/phy_shared.o
 .debug_line    0x00004f06      0x5b4 ./SDK/platform/drivers/src/phy/phy_tja110x.o
 .debug_line    0x000054ba      0x67f ./SDK/platform/drivers/src/pins/siu/pins_siu_driver.o
 .debug_line    0x00005b39      0x434 ./SDK/platform/drivers/src/pins/siu/siu_hw_access.o
 .debug_line    0x00005f6d      0x5b3 ./SDK/rtos/osif/osif_baremetal.o
 .debug_line    0x00006520      0x81f ./Sources/main.o

.debug_str      0x00000000    0xecdd8
 .debug_str     0x00000000    0xe71d1 ./Generated_Code/clockMan1.o
                              0xe7272 (size before relaxing)
 .debug_str     0x000e71d1      0x4b3 ./Generated_Code/ethernet1.o
                              0xe0c34 (size before relaxing)
 .debug_str     0x000e7684      0x910 ./Generated_Code/pin_mux.o
                              0xde89b (size before relaxing)
 .debug_str     0x000e7f94      0x1dd ./SDK/platform/devices/MPC5775B/startup/system_MPC5775B.o
                              0xe0280 (size before relaxing)
 .debug_str     0x000e8171      0x391 ./SDK/platform/devices/startup.o
                              0xde2eb (size before relaxing)
 .debug_str     0x000e8502     0x1349 ./SDK/platform/drivers/src/clock/MPC5777C/clock_MPC5777C.o
                              0xe62a7 (size before relaxing)
 .debug_str     0x000e984b      0xf8b ./SDK/platform/drivers/src/enet/enet_driver.o
                              0xe2832 (size before relaxing)
 .debug_str     0x000ea7d6       0xa9 ./SDK/platform/drivers/src/enet/enet_irq.o
                              0xde99d (size before relaxing)
 .debug_str     0x000ea87f       0xcd ./SDK/platform/drivers/src/enet/fec_hw_access.o
                              0xdfbab (size before relaxing)
 .debug_str     0x000ea94c      0x41c ./SDK/platform/drivers/src/interrupt/interrupt_manager_MPC57xx.o
                              0xe0378 (size before relaxing)
 .debug_str     0x000ead68      0x685 ./SDK/platform/drivers/src/phy/phy.o
                              0xdf3de (size before relaxing)
 .debug_str     0x000eb3ed      0x640 ./SDK/platform/drivers/src/phy/phy_generic.o
                               0x5173 (size before relaxing)
 .debug_str     0x000eba2d      0x17e ./SDK/platform/drivers/src/phy/phy_shared.o
                               0x4934 (size before relaxing)
 .debug_str     0x000ebbab      0x8cc ./SDK/platform/drivers/src/phy/phy_tja110x.o
                               0x54f8 (size before relaxing)
 .debug_str     0x000ec477      0x425 ./SDK/platform/drivers/src/pins/siu/pins_siu_driver.o
                              0xdf648 (size before relaxing)
 .debug_str     0x000ec89c       0x7b ./SDK/platform/drivers/src/pins/siu/siu_hw_access.o
                              0xde944 (size before relaxing)
 .debug_str     0x000ec917      0x255 ./SDK/rtos/osif/osif_baremetal.o
                              0xe11fb (size before relaxing)
 .debug_str     0x000ecb6c      0x26c ./Sources/main.o
                              0xe835f (size before relaxing)

.debug_ranges   0x00000000      0x830
 .debug_ranges  0x00000000       0x20 ./Project_Settings/Startup_Code/startup_MPC5775B.o
 .debug_ranges  0x00000020       0x20 ./SDK/platform/devices/MPC5775B/startup/system_MPC5775B.o
 .debug_ranges  0x00000040       0x10 ./SDK/platform/devices/startup.o
 .debug_ranges  0x00000050      0x210 ./SDK/platform/drivers/src/clock/MPC5777C/clock_MPC5777C.o
 .debug_ranges  0x00000260       0xe8 ./SDK/platform/drivers/src/enet/enet_driver.o
 .debug_ranges  0x00000348       0x20 ./SDK/platform/drivers/src/enet/enet_irq.o
 .debug_ranges  0x00000368       0x50 ./SDK/platform/drivers/src/enet/fec_hw_access.o
 .debug_ranges  0x000003b8       0x88 ./SDK/platform/drivers/src/interrupt/interrupt_manager_MPC57xx.o
 .debug_ranges  0x00000440       0xf8 ./SDK/platform/drivers/src/phy/phy.o
 .debug_ranges  0x00000538       0x88 ./SDK/platform/drivers/src/phy/phy_generic.o
 .debug_ranges  0x000005c0       0x20 ./SDK/platform/drivers/src/phy/phy_shared.o
 .debug_ranges  0x000005e0       0xb0 ./SDK/platform/drivers/src/phy/phy_tja110x.o
 .debug_ranges  0x00000690       0xa8 ./SDK/platform/drivers/src/pins/siu/pins_siu_driver.o
 .debug_ranges  0x00000738       0x20 ./SDK/platform/drivers/src/pins/siu/siu_hw_access.o
 .debug_ranges  0x00000758       0x80 ./SDK/rtos/osif/osif_baremetal.o
 .debug_ranges  0x000007d8       0x58 ./Sources/main.o

.debug_loc      0x00000000     0x8e87
 .debug_loc     0x00000000      0x23c ./SDK/platform/devices/MPC5775B/startup/system_MPC5775B.o
 .debug_loc     0x0000023c      0x181 ./SDK/platform/devices/startup.o
 .debug_loc     0x000003bd     0x4250 ./SDK/platform/drivers/src/clock/MPC5777C/clock_MPC5777C.o
 .debug_loc     0x0000460d      0xfe1 ./SDK/platform/drivers/src/enet/enet_driver.o
 .debug_loc     0x000055ee      0x372 ./SDK/platform/drivers/src/enet/fec_hw_access.o
 .debug_loc     0x00005960      0xaad ./SDK/platform/drivers/src/interrupt/interrupt_manager_MPC57xx.o
 .debug_loc     0x0000640d      0xb49 ./SDK/platform/drivers/src/phy/phy.o
 .debug_loc     0x00006f56      0x6f5 ./SDK/platform/drivers/src/phy/phy_generic.o
 .debug_loc     0x0000764b      0x181 ./SDK/platform/drivers/src/phy/phy_shared.o
 .debug_loc     0x000077cc      0x974 ./SDK/platform/drivers/src/phy/phy_tja110x.o
 .debug_loc     0x00008140      0x49a ./SDK/platform/drivers/src/pins/siu/pins_siu_driver.o
 .debug_loc     0x000085da      0x2fc ./SDK/platform/drivers/src/pins/siu/siu_hw_access.o
 .debug_loc     0x000088d6      0x321 ./SDK/rtos/osif/osif_baremetal.o
 .debug_loc     0x00008bf7      0x290 ./Sources/main.o

.debug_frame    0x00000000     0x12d8
 .debug_frame   0x00000000       0x40 ./SDK/platform/devices/MPC5775B/startup/system_MPC5775B.o
 .debug_frame   0x00000040       0x2c ./SDK/platform/devices/startup.o
 .debug_frame   0x0000006c      0x150 ./SDK/platform/drivers/src/clock/MPC5777C/clock_MPC5777C.o
 .debug_frame   0x000001bc      0x290 ./SDK/platform/drivers/src/enet/enet_driver.o
 .debug_frame   0x0000044c       0x70 ./SDK/platform/drivers/src/enet/enet_irq.o
 .debug_frame   0x000004bc       0xec ./SDK/platform/drivers/src/enet/fec_hw_access.o
 .debug_frame   0x000005a8       0xe0 ./SDK/platform/drivers/src/interrupt/interrupt_manager_MPC57xx.o
 .debug_frame   0x00000688      0x3f0 ./SDK/platform/drivers/src/phy/phy.o
 .debug_frame   0x00000a78      0x214 ./SDK/platform/drivers/src/phy/phy_generic.o
 .debug_frame   0x00000c8c       0x5c ./SDK/platform/drivers/src/phy/phy_shared.o
 .debug_frame   0x00000ce8      0x208 ./SDK/platform/drivers/src/phy/phy_tja110x.o
 .debug_frame   0x00000ef0      0x18c ./SDK/platform/drivers/src/pins/siu/pins_siu_driver.o
 .debug_frame   0x0000107c       0x50 ./SDK/platform/drivers/src/pins/siu/siu_hw_access.o
 .debug_frame   0x000010cc      0x110 ./SDK/rtos/osif/osif_baremetal.o
 .debug_frame   0x000011dc       0xfc ./Sources/main.o
